Archive member included because of file (symbol)

c:/program files/atollic/truestudio for arm lite 4.1.0/armtools/bin/../lib/gcc/arm-atollic-eabi/4.7.3/../../../../arm-atollic-eabi/lib/armv7e-m/fpv4-sp-d16\libc.a(lib_a-init.o)
                              src\startup_stm32f4xx.o (__libc_init_array)
c:/program files/atollic/truestudio for arm lite 4.1.0/armtools/bin/../lib/gcc/arm-atollic-eabi/4.7.3/../../../../arm-atollic-eabi/lib/armv7e-m/fpv4-sp-d16\libc.a(lib_a-memcpy.o)
                              src\usbh_adk_core.o (memcpy)
c:/program files/atollic/truestudio for arm lite 4.1.0/armtools/bin/../lib/gcc/arm-atollic-eabi/4.7.3/../../../../arm-atollic-eabi/lib/armv7e-m/fpv4-sp-d16\libc.a(lib_a-strlen.o)
                              src\usbh_adk_core.o (strlen)
c:/program files/atollic/truestudio for arm lite 4.1.0/armtools/bin/../lib/gcc/arm-atollic-eabi/4.7.3/../../../../arm-atollic-eabi/lib/armv7e-m/fpv4-sp-d16\libc.a(lib_a-strncpy.o)
                              src\usbh_adk_core.o (strncpy)

Allocating common symbols
Common symbol       size              file

HSEStartUpStatus    0x1               src\usb_bsp.o
TIM_TimeBaseStructure
                    0xc               src\main.o
xfunc_out           0x4               src\xprintf.o
USBH_CfgDesc        0x200             Libraries\STM32_USB_HOST_Library\Core\src\usbh_stdreq.o
ADK_Machine         0x212             src\usbh_adk_core.o
USB_OTG_Core_dev    0x5ac             src\main.o
TimingDelay         0x4               src\main.o
TIM_OCInitStructure
                    0x14              src\main.o
NVIC_InitStructure  0x4               Utilities\STM32_EVAL\stm32f4_discovery.o
USB_Host            0x84              src\main.o
ADK_Setup           0x8               src\usbh_adk_core.o

Discarded input sections

 .text          0x00000000        0x0 c:/program files/atollic/truestudio for arm lite 4.1.0/armtools/bin/../lib/gcc/arm-atollic-eabi/4.7.3/armv7e-m/fpv4-sp-d16/crti.o
 .data          0x00000000        0x0 c:/program files/atollic/truestudio for arm lite 4.1.0/armtools/bin/../lib/gcc/arm-atollic-eabi/4.7.3/armv7e-m/fpv4-sp-d16/crti.o
 .bss           0x00000000        0x0 c:/program files/atollic/truestudio for arm lite 4.1.0/armtools/bin/../lib/gcc/arm-atollic-eabi/4.7.3/armv7e-m/fpv4-sp-d16/crti.o
 .data          0x00000000        0x4 c:/program files/atollic/truestudio for arm lite 4.1.0/armtools/bin/../lib/gcc/arm-atollic-eabi/4.7.3/armv7e-m/fpv4-sp-d16/crtbegin.o
 .text          0x00000000        0x0 src\xprintf.o
 .data          0x00000000        0x0 src\xprintf.o
 .bss           0x00000000        0x0 src\xprintf.o
 .text.xputc    0x00000000       0x30 src\xprintf.o
 .text.xputs    0x00000000       0x12 src\xprintf.o
 .text.xvprintf
                0x00000000      0x1a2 src\xprintf.o
 .text.xfputs   0x00000000       0x20 src\xprintf.o
 .text.xprintf  0x00000000       0x18 src\xprintf.o
 .text.xsprintf
                0x00000000       0x2c src\xprintf.o
 .text.xfprintf
                0x00000000       0x28 src\xprintf.o
 .text.put_dump
                0x00000000       0x88 src\xprintf.o
 .bss.outptr    0x00000000        0x4 src\xprintf.o
 .rodata.str1.1
                0x00000000       0x1a src\xprintf.o
 .comment       0x00000000       0x84 src\xprintf.o
 .ARM.attributes
                0x00000000       0x33 src\xprintf.o
 COMMON         0x00000000        0x4 src\xprintf.o
 .text          0x00000000        0x0 src\usbh_usr.o
 .data          0x00000000        0x0 src\usbh_usr.o
 .bss           0x00000000        0x0 src\usbh_usr.o
 .text          0x00000000        0x0 src\usbh_adk_core.o
 .data          0x00000000        0x0 src\usbh_adk_core.o
 .bss           0x00000000        0x0 src\usbh_adk_core.o
 .text          0x00000000        0x0 src\usb_bsp.o
 .data          0x00000000        0x0 src\usb_bsp.o
 .bss           0x00000000        0x0 src\usb_bsp.o
 COMMON         0x00000000        0x1 src\usb_bsp.o
 .text          0x00000000        0x0 src\uart_debug.o
 .data          0x00000000        0x0 src\uart_debug.o
 .bss           0x00000000        0x0 src\uart_debug.o
 .text.uart_debug_putc
                0x00000000       0x1c src\uart_debug.o
 .text.uart_debug_init
                0x00000000       0xbc src\uart_debug.o
 .data.COM_TX_PORT
                0x00000000        0x4 src\uart_debug.o
 .rodata.COM_RX_AF
                0x00000000        0x2 src\uart_debug.o
 .rodata.COM_TX_PIN
                0x00000000        0x2 src\uart_debug.o
 .rodata.COM_TX_AF
                0x00000000        0x2 src\uart_debug.o
 .rodata.COM_TX_PIN_SOURCE
                0x00000000        0x2 src\uart_debug.o
 .data.COM_RX_PORT
                0x00000000        0x4 src\uart_debug.o
 .rodata.COM_RX_PIN
                0x00000000        0x2 src\uart_debug.o
 .rodata.COM_RX_PORT_CLK
                0x00000000        0x4 src\uart_debug.o
 .rodata.COM_TX_PORT_CLK
                0x00000000        0x4 src\uart_debug.o
 .rodata.COM_RX_PIN_SOURCE
[...]
Memory Configuration

Name             Origin             Length             Attributes
FLASH            0x08000000         0x00100000         xr
RAM              0x20000000         0x00020000         xrw
MEMORY_B1        0x60000000         0x00000000         xr
*default*        0x00000000         0xffffffff

Linker script and memory map

LOAD c:/program files/atollic/truestudio for arm lite 4.1.0/armtools/bin/../lib/gcc/arm-atollic-eabi/4.7.3/armv7e-m/fpv4-sp-d16/crti.o
LOAD c:/program files/atollic/truestudio for arm lite 4.1.0/armtools/bin/../lib/gcc/arm-atollic-eabi/4.7.3/armv7e-m/fpv4-sp-d16/crtbegin.o
LOAD src\xprintf.o
LOAD src\usbh_usr.o
LOAD src\usbh_adk_core.o
LOAD src\usb_bsp.o
LOAD src\uart_debug.o
LOAD src\system_stm32f4xx.o
LOAD src\stm32f4xx_it.o
LOAD src\startup_stm32f4xx.o
LOAD src\main.o
LOAD Utilities\STM32_EVAL\stm32f4_discovery.o
LOAD Libraries\STM32_USB_OTG_Driver\src\usb_hcd_int.o
LOAD Libraries\STM32_USB_OTG_Driver\src\usb_hcd.o
LOAD Libraries\STM32_USB_OTG_Driver\src\usb_core.o
LOAD Libraries\STM32_USB_HOST_Library\Core\src\usbh_stdreq.o
LOAD Libraries\STM32_USB_HOST_Library\Core\src\usbh_ioreq.o
LOAD Libraries\STM32_USB_HOST_Library\Core\src\usbh_hcs.o
LOAD Libraries\STM32_USB_HOST_Library\Core\src\usbh_core.o
LOAD Libraries\STM32F4xx_StdPeriph_Driver\src\stm32f4xx_wwdg.o
LOAD Libraries\STM32F4xx_StdPeriph_Driver\src\stm32f4xx_usart.o
LOAD Libraries\STM32F4xx_StdPeriph_Driver\src\stm32f4xx_tim.o
LOAD Libraries\STM32F4xx_StdPeriph_Driver\src\stm32f4xx_syscfg.o
LOAD Libraries\STM32F4xx_StdPeriph_Driver\src\stm32f4xx_spi.o
LOAD Libraries\STM32F4xx_StdPeriph_Driver\src\stm32f4xx_sdio.o
LOAD Libraries\STM32F4xx_StdPeriph_Driver\src\stm32f4xx_rtc.o
LOAD Libraries\STM32F4xx_StdPeriph_Driver\src\stm32f4xx_rng.o
LOAD Libraries\STM32F4xx_StdPeriph_Driver\src\stm32f4xx_rcc.o
LOAD Libraries\STM32F4xx_StdPeriph_Driver\src\stm32f4xx_pwr.o
LOAD Libraries\STM32F4xx_StdPeriph_Driver\src\stm32f4xx_iwdg.o
LOAD Libraries\STM32F4xx_StdPeriph_Driver\src\stm32f4xx_i2c.o
LOAD Libraries\STM32F4xx_StdPeriph_Driver\src\stm32f4xx_hash_sha1.o
LOAD Libraries\STM32F4xx_StdPeriph_Driver\src\stm32f4xx_hash_md5.o
LOAD Libraries\STM32F4xx_StdPeriph_Driver\src\stm32f4xx_hash.o
LOAD Libraries\STM32F4xx_StdPeriph_Driver\src\stm32f4xx_gpio.o
LOAD Libraries\STM32F4xx_StdPeriph_Driver\src\stm32f4xx_fsmc.o
LOAD Libraries\STM32F4xx_StdPeriph_Driver\src\stm32f4xx_flash.o
LOAD Libraries\STM32F4xx_StdPeriph_Driver\src\stm32f4xx_exti.o
LOAD Libraries\STM32F4xx_StdPeriph_Driver\src\stm32f4xx_dma.o
LOAD Libraries\STM32F4xx_StdPeriph_Driver\src\stm32f4xx_dcmi.o
LOAD Libraries\STM32F4xx_StdPeriph_Driver\src\stm32f4xx_dbgmcu.o
LOAD Libraries\STM32F4xx_StdPeriph_Driver\src\stm32f4xx_dac.o
LOAD Libraries\STM32F4xx_StdPeriph_Driver\src\stm32f4xx_cryp_tdes.o
LOAD Libraries\STM32F4xx_StdPeriph_Driver\src\stm32f4xx_cryp_des.o
LOAD Libraries\STM32F4xx_StdPeriph_Driver\src\stm32f4xx_cryp_aes.o
LOAD Libraries\STM32F4xx_StdPeriph_Driver\src\stm32f4xx_cryp.o
LOAD Libraries\STM32F4xx_StdPeriph_Driver\src\stm32f4xx_crc.o
LOAD Libraries\STM32F4xx_StdPeriph_Driver\src\stm32f4xx_can.o
LOAD Libraries\STM32F4xx_StdPeriph_Driver\src\stm32f4xx_adc.o
LOAD Libraries\STM32F4xx_StdPeriph_Driver\src\misc.o
LOAD c:/program files/atollic/truestudio for arm lite 4.1.0/armtools/bin/../lib/gcc/arm-atollic-eabi/4.7.3/../../../../arm-atollic-eabi/lib/armv7e-m/fpv4-sp-d16\libm.a
START GROUP
LOAD c:/program files/atollic/truestudio for arm lite 4.1.0/armtools/bin/../lib/gcc/arm-atollic-eabi/4.7.3/../../../../arm-atollic-eabi/lib/armv7e-m/fpv4-sp-d16\libc.a
LOAD c:/program files/atollic/truestudio for arm lite 4.1.0/armtools/bin/../lib/gcc/arm-atollic-eabi/4.7.3/../../../../arm-atollic-eabi/lib/armv7e-m/fpv4-sp-d16\libm.a
END GROUP
                0x00001000                malloc_getpagesize_P = 0x1000
START GROUP
LOAD c:/program files/atollic/truestudio for arm lite 4.1.0/armtools/bin/../lib/gcc/arm-atollic-eabi/4.7.3/armv7e-m/fpv4-sp-d16\libgcc.a
LOAD c:/program files/atollic/truestudio for arm lite 4.1.0/armtools/bin/../lib/gcc/arm-atollic-eabi/4.7.3/../../../../arm-atollic-eabi/lib/armv7e-m/fpv4-sp-d16\libc.a
END GROUP
LOAD c:/program files/atollic/truestudio for arm lite 4.1.0/armtools/bin/../lib/gcc/arm-atollic-eabi/4.7.3/armv7e-m/fpv4-sp-d16/crtend.o
LOAD c:/program files/atollic/truestudio for arm lite 4.1.0/armtools/bin/../lib/gcc/arm-atollic-eabi/4.7.3/armv7e-m/fpv4-sp-d16/crtn.o
                0x20020000                _estack = 0x20020000
                0x00000000                _Min_Heap_Size = 0x0
                0x00000400                _Min_Stack_Size = 0x400

.isr_vector     0x08000000      0x188
                0x08000000                . = ALIGN (0x4)
 *(.isr_vector)
 .isr_vector    0x08000000      0x188 src\startup_stm32f4xx.o
                0x08000000                g_pfnVectors
                0x08000188                . = ALIGN (0x4)

.text           0x08000188     0x3998
                0x08000188                . = ALIGN (0x4)
 *(.text)
 .text          0x08000188       0x54 c:/program files/atollic/truestudio for arm lite 4.1.0/armtools/bin/../lib/gcc/arm-atollic-eabi/4.7.3/armv7e-m/fpv4-sp-d16/crtbegin.o
 *(.text*)
 .text.USBH_USR_Init
                0x080001dc       0x10 src\usbh_usr.o
                0x080001dc                USBH_USR_Init
 .text.USBH_USR_DeviceAttached
                0x080001ec        0x2 src\usbh_usr.o
                0x080001ec                USBH_USR_DeviceAttached
 .text.USBH_USR_UnrecoveredError
                0x080001ee        0x2 src\usbh_usr.o
                0x080001ee                USBH_USR_UnrecoveredError
 .text.USBH_USR_DeviceDisconnected
                0x080001f0        0x2 src\usbh_usr.o
                0x080001f0                USBH_USR_DeviceDisconnected
 .text.USBH_USR_ResetDevice
                0x080001f2        0x2 src\usbh_usr.o
                0x080001f2                USBH_USR_ResetDevice
 .text.USBH_USR_DeviceSpeedDetected
                0x080001f4        0x2 src\usbh_usr.o
                0x080001f4                USBH_USR_DeviceSpeedDetected
 .text.USBH_USR_Device_DescAvailable
                0x080001f6        0x2 src\usbh_usr.o
                0x080001f6                USBH_USR_Device_DescAvailable
 .text.USBH_USR_DeviceAddressAssigned
                0x080001f8        0x2 src\usbh_usr.o
                0x080001f8                USBH_USR_DeviceAddressAssigned
 .text.USBH_USR_Configuration_DescAvailable
                0x080001fa        0x2 src\usbh_usr.o
                0x080001fa                USBH_USR_Configuration_DescAvailable
 .text.USBH_USR_Manufacturer_String
                0x080001fc        0x2 src\usbh_usr.o
                0x080001fc                USBH_USR_Manufacturer_String
 .text.USBH_USR_Product_String
                0x080001fe        0x2 src\usbh_usr.o
                0x080001fe                USBH_USR_Product_String
 .text.USBH_USR_SerialNum_String
                0x08000200        0x2 src\usbh_usr.o
                0x08000200                USBH_USR_SerialNum_String
 .text.USBH_USR_EnumerationDone
                0x08000202        0x2 src\usbh_usr.o
                0x08000202                USBH_USR_EnumerationDone
 .text.USBH_USR_DeviceNotSupported
                0x08000204        0x2 src\usbh_usr.o
                0x08000204                USBH_USR_DeviceNotSupported
 .text.USBH_USR_UserInput
                0x08000206        0x4 src\usbh_usr.o
                0x08000206                USBH_USR_UserInput
 .text.USBH_USR_OverCurrentDetected
                0x0800020a        0x2 src\usbh_usr.o
                0x0800020a                USBH_USR_OverCurrentDetected
 .text.USBH_USR_DeInit
                0x0800020c        0x2 src\usbh_usr.o
                0x0800020c                USBH_USR_DeInit
 .text.USBH_USR_ADK_Application
                0x0800020e        0x4 src\usbh_usr.o
                0x0800020e                USBH_USR_ADK_Application
 *fill*         0x08000212        0x2 00
 .text.USBH_ADK_InterfaceInit
                0x08000214       0x14 src\usbh_adk_core.o
 .text.USBH_ADK_Handle
                0x08000228       0x98 src\usbh_adk_core.o
 .text.USBH_ADK_sendString
                0x080002c0       0x34 src\usbh_adk_core.o
 .text.USBH_ADK_ClassRequest
                0x080002f4      0x1f0 src\usbh_adk_core.o
 .text.USBH_ADK_InterfaceDeInit
                0x080004e4       0x3c src\usbh_adk_core.o
 .text.USBH_ADK_Init
                0x08000520       0x84 src\usbh_adk_core.o
                0x08000520                USBH_ADK_Init
 .text.USBH_ADK_write
                0x080005a4       0x1c src\usbh_adk_core.o
                0x080005a4                USBH_ADK_write
 .text.USBH_ADK_read
                0x080005c0       0x2c src\usbh_adk_core.o
                0x080005c0                USBH_ADK_read
 .text.USBH_ADK_getStatus
                0x080005ec        0xc src\usbh_adk_core.o
                0x080005ec                USBH_ADK_getStatus
 .text.BSP_SetTime
                0x080005f8       0x72 src\usb_bsp.o
 *fill*         0x0800066a        0x2 00
 .text.USB_OTG_BSP_Init
                0x0800066c       0xcc src\usb_bsp.o
                0x0800066c                USB_OTG_BSP_Init
 .text.USB_OTG_BSP_EnableInterrupt
                0x08000738       0x28 src\usb_bsp.o
                0x08000738                USB_OTG_BSP_EnableInterrupt
 .text.USB_OTG_BSP_DriveVBUS
                0x08000760       0x14 src\usb_bsp.o
                0x08000760                USB_OTG_BSP_DriveVBUS
 .text.USB_OTG_BSP_uDelay
                0x08000774       0x24 src\usb_bsp.o
                0x08000774                USB_OTG_BSP_uDelay
 .text.USB_OTG_BSP_mDelay
                0x08000798       0x24 src\usb_bsp.o
                0x08000798                USB_OTG_BSP_mDelay
 .text.USB_OTG_BSP_ConfigVBUS
                0x080007bc       0x40 src\usb_bsp.o
                0x080007bc                USB_OTG_BSP_ConfigVBUS
 .text.USB_OTG_BSP_TimerIRQ
                0x080007fc       0x38 src\usb_bsp.o
                0x080007fc                USB_OTG_BSP_TimerIRQ
 .text.SystemInit
                0x08000834       0xec src\system_stm32f4xx.o
                0x08000834                SystemInit
 .text.NMI_Handler
                0x08000920        0x2 src\stm32f4xx_it.o
                0x08000920                NMI_Handler
 .text.HardFault_Handler
                0x08000922        0x2 src\stm32f4xx_it.o
                0x08000922                HardFault_Handler
 .text.MemManage_Handler
                0x08000924        0x2 src\stm32f4xx_it.o
                0x08000924                MemManage_Handler
 .text.BusFault_Handler
                0x08000926        0x2 src\stm32f4xx_it.o
                0x08000926                BusFault_Handler
 .text.UsageFault_Handler
                0x08000928        0x2 src\stm32f4xx_it.o
                0x08000928                UsageFault_Handler
 .text.SVC_Handler
                0x0800092a        0x2 src\stm32f4xx_it.o
                0x0800092a                SVC_Handler
 .text.DebugMon_Handler
                0x0800092c        0x2 src\stm32f4xx_it.o
                0x0800092c                DebugMon_Handler
 .text.PendSV_Handler
                0x0800092e        0x2 src\stm32f4xx_it.o
                0x0800092e                PendSV_Handler
 .text.SysTick_Handler
                0x08000930        0x4 src\stm32f4xx_it.o
                0x08000930                SysTick_Handler
 .text.TIM2_IRQHandler
                0x08000934        0xc src\stm32f4xx_it.o
                0x08000934                TIM2_IRQHandler
 .text.OTG_FS_IRQHandler
                0x08000940        0xc src\stm32f4xx_it.o
                0x08000940                OTG_FS_IRQHandler
 .text.Reset_Handler
                0x0800094c       0x54 src\startup_stm32f4xx.o
                0x0800094c                Reset_Handler
 .text.Default_Handler
                0x080009a0        0x4 src\startup_stm32f4xx.o
                0x080009a0                RTC_Alarm_IRQHandler
                0x080009a0                HASH_RNG_IRQHandler
                0x080009a0                EXTI2_IRQHandler
                0x080009a0                TIM8_CC_IRQHandler
                0x080009a0                TIM1_CC_IRQHandler
                0x080009a0                DMA2_Stream5_IRQHandler
                0x080009a0                DMA1_Stream5_IRQHandler
                0x080009a0                PVD_IRQHandler
                0x080009a0                SDIO_IRQHandler
                0x080009a0                TAMP_STAMP_IRQHandler
                0x080009a0                CAN2_RX1_IRQHandler
                0x080009a0                EXTI3_IRQHandler
                0x080009a0                TIM8_TRG_COM_TIM14_IRQHandler
                0x080009a0                TIM1_UP_TIM10_IRQHandler
                0x080009a0                TIM8_UP_TIM13_IRQHandler
                0x080009a0                I2C3_ER_IRQHandler
                0x080009a0                EXTI0_IRQHandler
                0x080009a0                I2C2_EV_IRQHandler
                0x080009a0                DMA1_Stream2_IRQHandler
                0x080009a0                CAN1_RX0_IRQHandler
                0x080009a0                FPU_IRQHandler
                0x080009a0                OTG_HS_WKUP_IRQHandler
                0x080009a0                CAN2_SCE_IRQHandler
                0x080009a0                DMA2_Stream2_IRQHandler
                0x080009a0                SPI1_IRQHandler
                0x080009a0                TIM6_DAC_IRQHandler
                0x080009a0                TIM1_BRK_TIM9_IRQHandler
                0x080009a0                DCMI_IRQHandler
                0x080009a0                CAN2_RX0_IRQHandler
                0x080009a0                DMA2_Stream3_IRQHandler
                0x080009a0                USART6_IRQHandler
                0x080009a0                USART3_IRQHandler
                0x080009a0                CRYP_IRQHandler
                0x080009a0                CAN1_RX1_IRQHandler
                0x080009a0                UART5_IRQHandler
                0x080009a0                DMA2_Stream0_IRQHandler
                0x080009a0                TIM4_IRQHandler
                0x080009a0                I2C1_EV_IRQHandler
                0x080009a0                DMA1_Stream6_IRQHandler
                0x080009a0                DMA1_Stream1_IRQHandler
                0x080009a0                UART4_IRQHandler
                0x080009a0                TIM3_IRQHandler
                0x080009a0                RCC_IRQHandler
                0x080009a0                TIM8_BRK_TIM12_IRQHandler
                0x080009a0                Default_Handler
                0x080009a0                EXTI15_10_IRQHandler
                0x080009a0                ADC_IRQHandler
                0x080009a0                DMA1_Stream7_IRQHandler
                0x080009a0                TIM7_IRQHandler
                0x080009a0                CAN2_TX_IRQHandler
                0x080009a0                TIM5_IRQHandler
                0x080009a0                DMA2_Stream7_IRQHandler
                0x080009a0                I2C3_EV_IRQHandler
                0x080009a0                EXTI9_5_IRQHandler
                0x080009a0                RTC_WKUP_IRQHandler
                0x080009a0                ETH_WKUP_IRQHandler
                0x080009a0                SPI2_IRQHandler
                0x080009a0                OTG_HS_EP1_IN_IRQHandler
                0x080009a0                DMA1_Stream0_IRQHandler
                0x080009a0                CAN1_TX_IRQHandler
                0x080009a0                EXTI4_IRQHandler
                0x080009a0                FSMC_IRQHandler
                0x080009a0                ETH_IRQHandler
                0x080009a0                OTG_HS_EP1_OUT_IRQHandler
                0x080009a0                WWDG_IRQHandler
                0x080009a0                OTG_FS_WKUP_IRQHandler
                0x080009a0                TIM1_TRG_COM_TIM11_IRQHandler
                0x080009a0                OTG_HS_IRQHandler
                0x080009a0                EXTI1_IRQHandler
                0x080009a0                USART2_IRQHandler
                0x080009a0                I2C2_ER_IRQHandler
                0x080009a0                DMA2_Stream1_IRQHandler
                0x080009a0                CAN1_SCE_IRQHandler
                0x080009a0                FLASH_IRQHandler
                0x080009a0                DMA2_Stream4_IRQHandler
                0x080009a0                USART1_IRQHandler
                0x080009a0                SPI3_IRQHandler
                0x080009a0                DMA1_Stream4_IRQHandler
                0x080009a0                I2C1_ER_IRQHandler
                0x080009a0                DMA2_Stream6_IRQHandler
                0x080009a0                DMA1_Stream3_IRQHandler
 .text.TIM4_Config
                0x080009a4       0x68 src\main.o
                0x080009a4                TIM4_Config
 .text.TIM4_Init
                0x08000a0c       0xbc src\main.o
                0x08000a0c                TIM4_Init
 .text.TIM3_Config
                0x08000ac8       0x8c src\main.o
                0x08000ac8                TIM3_Config
 .text.TIM3_Init
                0x08000b54       0xa8 src\main.o
                0x08000b54                TIM3_Init
 .text.Delay    0x08000bfc       0x18 src\main.o
                0x08000bfc                Delay
 .text.startup.main
                0x08000c14      0x144 src\main.o
                0x08000c14                main
 .text.TimingDelay_Decrement
                0x08000d58       0x14 src\main.o
                0x08000d58                TimingDelay_Decrement
 .text.USB_OTG_USBH_handle_sof_ISR
                0x08000d6c       0x3c Libraries\STM32_USB_OTG_Driver\src\usb_hcd_int.o
 .text.USB_OTG_USBH_handle_Disconnect_ISR
                0x08000da8       0x3c Libraries\STM32_USB_OTG_Driver\src\usb_hcd_int.o
 .text.USB_OTG_USBH_handle_nptxfempty_ISR
                0x08000de4      0x1b0 Libraries\STM32_USB_OTG_Driver\src\usb_hcd_int.o
 .text.USB_OTG_USBH_handle_ptxfempty_ISR
                0x08000f94      0x1b0 Libraries\STM32_USB_OTG_Driver\src\usb_hcd_int.o
 .text.USB_OTG_USBH_handle_port_ISR
                0x08001144      0x184 Libraries\STM32_USB_OTG_Driver\src\usb_hcd_int.o
 .text.USB_OTG_USBH_handle_hc_n_Out_ISR
                0x080012c8      0x5c0 Libraries\STM32_USB_OTG_Driver\src\usb_hcd_int.o
 .text.USB_OTG_USBH_handle_hc_n_In_ISR
                0x08001888      0x60c Libraries\STM32_USB_OTG_Driver\src\usb_hcd_int.o
 .text.USB_OTG_USBH_handle_hc_ISR
                0x08001e94       0x9c Libraries\STM32_USB_OTG_Driver\src\usb_hcd_int.o
 .text.USB_OTG_USBH_handle_rx_qlvl_ISR
                0x08001f30      0x1c8 Libraries\STM32_USB_OTG_Driver\src\usb_hcd_int.o
 .text.USB_OTG_USBH_handle_IncompletePeriodicXfer_ISR
                0x080020f8       0x54 Libraries\STM32_USB_OTG_Driver\src\usb_hcd_int.o
 .text.USBH_OTG_ISR_Handler
                0x0800214c      0x114 Libraries\STM32_USB_OTG_Driver\src\usb_hcd_int.o
                0x0800214c                USBH_OTG_ISR_Handler
 .text.HCD_Init
                0x08002260       0x5a Libraries\STM32_USB_OTG_Driver\src\usb_hcd.o
                0x08002260                HCD_Init
 .text.HCD_GetCurrentSpeed
                0x080022ba        0xc Libraries\STM32_USB_OTG_Driver\src\usb_hcd.o
                0x080022ba                HCD_GetCurrentSpeed
 .text.HCD_ResetPort
                0x080022c6        0xa Libraries\STM32_USB_OTG_Driver\src\usb_hcd.o
                0x080022c6                HCD_ResetPort
 .text.HCD_IsDeviceConnected
                0x080022d0        0x6 Libraries\STM32_USB_OTG_Driver\src\usb_hcd.o
                0x080022d0                HCD_IsDeviceConnected
 .text.HCD_GetCurrentFrame
                0x080022d6        0x8 Libraries\STM32_USB_OTG_Driver\src\usb_hcd.o
                0x080022d6                HCD_GetCurrentFrame
 .text.HCD_GetURB_State
                0x080022de        0x8 Libraries\STM32_USB_OTG_Driver\src\usb_hcd.o
                0x080022de                HCD_GetURB_State
 .text.HCD_GetXferCnt
                0x080022e6        0x8 Libraries\STM32_USB_OTG_Driver\src\usb_hcd.o
                0x080022e6                HCD_GetXferCnt
 .text.HCD_GetHCState
                0x080022ee        0x8 Libraries\STM32_USB_OTG_Driver\src\usb_hcd.o
                0x080022ee                HCD_GetHCState
 .text.HCD_SubmitRequest
                0x080022f6       0x1a Libraries\STM32_USB_OTG_Driver\src\usb_hcd.o
                0x080022f6                HCD_SubmitRequest
 .text.USB_OTG_CoreReset
                0x08002310       0x4c Libraries\STM32_USB_OTG_Driver\src\usb_core.o
 .text.USB_OTG_WritePacket
                0x0800235c       0x26 Libraries\STM32_USB_OTG_Driver\src\usb_core.o
                0x0800235c                USB_OTG_WritePacket
 .text.USB_OTG_ReadPacket
                0x08002382       0x22 Libraries\STM32_USB_OTG_Driver\src\usb_core.o
                0x08002382                USB_OTG_ReadPacket
 .text.USB_OTG_SelectCore
                0x080023a4       0xc0 Libraries\STM32_USB_OTG_Driver\src\usb_core.o
                0x080023a4                USB_OTG_SelectCore
 .text.USB_OTG_CoreInit
                0x08002464       0x8a Libraries\STM32_USB_OTG_Driver\src\usb_core.o
                0x08002464                USB_OTG_CoreInit
 .text.USB_OTG_EnableGlobalInt
                0x080024ee        0xe Libraries\STM32_USB_OTG_Driver\src\usb_core.o
                0x080024ee                USB_OTG_EnableGlobalInt
 .text.USB_OTG_DisableGlobalInt
                0x080024fc        0xe Libraries\STM32_USB_OTG_Driver\src\usb_core.o
                0x080024fc                USB_OTG_DisableGlobalInt
 *fill*         0x0800250a        0x2 00
 .text.USB_OTG_FlushTxFifo
                0x0800250c       0x3c Libraries\STM32_USB_OTG_Driver\src\usb_core.o
                0x0800250c                USB_OTG_FlushTxFifo
 .text.USB_OTG_FlushRxFifo
                0x08002548       0x34 Libraries\STM32_USB_OTG_Driver\src\usb_core.o
                0x08002548                USB_OTG_FlushRxFifo
 .text.USB_OTG_SetCurrentMode
                0x0800257c       0x2a Libraries\STM32_USB_OTG_Driver\src\usb_core.o
                0x0800257c                USB_OTG_SetCurrentMode
 .text.USB_OTG_IsHostMode
                0x080025a6        0xa Libraries\STM32_USB_OTG_Driver\src\usb_core.o
                0x080025a6                USB_OTG_IsHostMode
 .text.USB_OTG_ReadCoreItr
                0x080025b0        0xa Libraries\STM32_USB_OTG_Driver\src\usb_core.o
                0x080025b0                USB_OTG_ReadCoreItr
 .text.USB_OTG_IsEvenFrame
                0x080025ba        0xe Libraries\STM32_USB_OTG_Driver\src\usb_core.o
                0x080025ba                USB_OTG_IsEvenFrame
 .text.USB_OTG_EnableHostInt
                0x080025c8       0x40 Libraries\STM32_USB_OTG_Driver\src\usb_core.o
                0x080025c8                USB_OTG_EnableHostInt
 .text.USB_OTG_InitFSLSPClkSel
                0x08002608        0xc Libraries\STM32_USB_OTG_Driver\src\usb_core.o
                0x08002608                USB_OTG_InitFSLSPClkSel
 .text.USB_OTG_ReadHPRT0
                0x08002614        0xc Libraries\STM32_USB_OTG_Driver\src\usb_core.o
                0x08002614                USB_OTG_ReadHPRT0
 .text.USB_OTG_DriveVbus
                0x08002620       0x4c Libraries\STM32_USB_OTG_Driver\src\usb_core.o
                0x08002620                USB_OTG_DriveVbus
 .text.USB_OTG_ReadHostAllChannels_intr
                0x0800266c        0x6 Libraries\STM32_USB_OTG_Driver\src\usb_core.o
                0x0800266c                USB_OTG_ReadHostAllChannels_intr
 .text.USB_OTG_ResetPort
                0x08002672       0x2c Libraries\STM32_USB_OTG_Driver\src\usb_core.o
                0x08002672                USB_OTG_ResetPort
 .text.USB_OTG_CoreInitHost
                0x0800269e       0x96 Libraries\STM32_USB_OTG_Driver\src\usb_core.o
                0x0800269e                USB_OTG_CoreInitHost
 .text.USB_OTG_HC_Init
                0x08002734       0xea Libraries\STM32_USB_OTG_Driver\src\usb_core.o
                0x08002734                USB_OTG_HC_Init
 .text.USB_OTG_HC_StartXfer
                0x0800281e      0x114 Libraries\STM32_USB_OTG_Driver\src\usb_core.o
                0x0800281e                USB_OTG_HC_StartXfer
 .text.USB_OTG_HC_Halt
                0x08002932       0x3a Libraries\STM32_USB_OTG_Driver\src\usb_core.o
                0x08002932                USB_OTG_HC_Halt
 .text.USB_OTG_HC_DoPing
                0x0800296c       0x28 Libraries\STM32_USB_OTG_Driver\src\usb_core.o
                0x0800296c                USB_OTG_HC_DoPing
 .text.USBH_GetDescriptor
                0x08002994       0x34 Libraries\STM32_USB_HOST_Library\Core\src\usbh_stdreq.o
                0x08002994                USBH_GetDescriptor
 .text.USBH_Get_StringDesc
                0x080029c8       0x50 Libraries\STM32_USB_HOST_Library\Core\src\usbh_stdreq.o
                0x080029c8                USBH_Get_StringDesc
 .text.USBH_Get_DevDesc
                0x08002a18       0xac Libraries\STM32_USB_HOST_Library\Core\src\usbh_stdreq.o
                0x08002a18                USBH_Get_DevDesc
 .text.USBH_Get_CfgDesc
                0x08002ac4      0x1dc Libraries\STM32_USB_HOST_Library\Core\src\usbh_stdreq.o
                0x08002ac4                USBH_Get_CfgDesc
 .text.USBH_SetAddress
                0x08002ca0       0x1c Libraries\STM32_USB_HOST_Library\Core\src\usbh_stdreq.o
                0x08002ca0                USBH_SetAddress
 .text.USBH_SetCfg
                0x08002cbc       0x1c Libraries\STM32_USB_HOST_Library\Core\src\usbh_stdreq.o
                0x08002cbc                USBH_SetCfg
 .text.USBH_CtlReq
                0x08002cd8       0x48 Libraries\STM32_USB_HOST_Library\Core\src\usbh_ioreq.o
                0x08002cd8                USBH_CtlReq
 .text.USBH_CtlSendSetup
                0x08002d20       0x2e Libraries\STM32_USB_HOST_Library\Core\src\usbh_ioreq.o
                0x08002d20                USBH_CtlSendSetup
 .text.USBH_CtlSendData
                0x08002d4e       0x40 Libraries\STM32_USB_HOST_Library\Core\src\usbh_ioreq.o
                0x08002d4e                USBH_CtlSendData
 .text.USBH_CtlReceiveData
                0x08002d8e       0x2c Libraries\STM32_USB_HOST_Library\Core\src\usbh_ioreq.o
                0x08002d8e                USBH_CtlReceiveData
 .text.USBH_BulkSendData
                0x08002dba       0x34 Libraries\STM32_USB_HOST_Library\Core\src\usbh_ioreq.o
                0x08002dba                USBH_BulkSendData
 .text.USBH_BulkReceiveData
                0x08002dee       0x34 Libraries\STM32_USB_HOST_Library\Core\src\usbh_ioreq.o
                0x08002dee                USBH_BulkReceiveData
 .text.USBH_Open_Channel
                0x08002e22       0x56 Libraries\STM32_USB_HOST_Library\Core\src\usbh_hcs.o
                0x08002e22                USBH_Open_Channel
 .text.USBH_Modify_Channel
                0x08002e78       0x3a Libraries\STM32_USB_HOST_Library\Core\src\usbh_hcs.o
                0x08002e78                USBH_Modify_Channel
 .text.USBH_Alloc_Channel
                0x08002eb2       0x32 Libraries\STM32_USB_HOST_Library\Core\src\usbh_hcs.o
                0x08002eb2                USBH_Alloc_Channel
 .text.USBH_Free_Channel
                0x08002ee4       0x18 Libraries\STM32_USB_HOST_Library\Core\src\usbh_hcs.o
                0x08002ee4                USBH_Free_Channel
 .text.USBH_DeAllocate_AllChannel
                0x08002efc       0x1e Libraries\STM32_USB_HOST_Library\Core\src\usbh_hcs.o
                0x08002efc                USBH_DeAllocate_AllChannel
 .text.USBH_Connected
                0x08002f1a        0xa Libraries\STM32_USB_HOST_Library\Core\src\usbh_core.o
                0x08002f1a                USBH_Connected
 .text.USBH_Disconnected
                0x08002f24        0xa Libraries\STM32_USB_HOST_Library\Core\src\usbh_core.o
                0x08002f24                USBH_Disconnected
 .text.USBH_SOF
                0x08002f2e        0x4 Libraries\STM32_USB_HOST_Library\Core\src\usbh_core.o
                0x08002f2e                USBH_SOF
 .text.USBH_DeInit
                0x08002f32       0x32 Libraries\STM32_USB_HOST_Library\Core\src\usbh_core.o
                0x08002f32                USBH_DeInit
 .text.USBH_Init
                0x08002f64       0x42 Libraries\STM32_USB_HOST_Library\Core\src\usbh_core.o
                0x08002f64                USBH_Init
 .text.USBH_ErrorHandle
                0x08002fa6       0x2a Libraries\STM32_USB_HOST_Library\Core\src\usbh_core.o
                0x08002fa6                USBH_ErrorHandle
 .text.USBH_HandleControl
                0x08002fd0      0x1b8 Libraries\STM32_USB_HOST_Library\Core\src\usbh_core.o
                0x08002fd0                USBH_HandleControl
 .text.USBH_Process
                0x08003188      0x344 Libraries\STM32_USB_HOST_Library\Core\src\usbh_core.o
                0x08003188                USBH_Process
 .text.TIM_TimeBaseInit
                0x080034cc       0x7c Libraries\STM32F4xx_StdPeriph_Driver\src\stm32f4xx_tim.o
                0x080034cc                TIM_TimeBaseInit
 .text.TIM_ARRPreloadConfig
                0x08003548       0x18 Libraries\STM32F4xx_StdPeriph_Driver\src\stm32f4xx_tim.o
                0x08003548                TIM_ARRPreloadConfig
 .text.TIM_Cmd  0x08003560       0x18 Libraries\STM32F4xx_StdPeriph_Driver\src\stm32f4xx_tim.o
                0x08003560                TIM_Cmd
 .text.TIM_OC1Init
                0x08003578       0x70 Libraries\STM32F4xx_StdPeriph_Driver\src\stm32f4xx_tim.o
                0x08003578                TIM_OC1Init
 .text.TIM_OC2Init
                0x080035e8       0x88 Libraries\STM32F4xx_StdPeriph_Driver\src\stm32f4xx_tim.o
                0x080035e8                TIM_OC2Init
 .text.TIM_OC3Init
                0x08003670       0x84 Libraries\STM32F4xx_StdPeriph_Driver\src\stm32f4xx_tim.o
                0x08003670                TIM_OC3Init
 .text.TIM_OC4Init
                0x080036f4       0x68 Libraries\STM32F4xx_StdPeriph_Driver\src\stm32f4xx_tim.o
                0x080036f4                TIM_OC4Init
 .text.TIM_OC1PreloadConfig
                0x0800375c       0x10 Libraries\STM32F4xx_StdPeriph_Driver\src\stm32f4xx_tim.o
                0x0800375c                TIM_OC1PreloadConfig
 .text.TIM_OC2PreloadConfig
                0x0800376c       0x14 Libraries\STM32F4xx_StdPeriph_Driver\src\stm32f4xx_tim.o
                0x0800376c                TIM_OC2PreloadConfig
 .text.TIM_OC3PreloadConfig
                0x08003780       0x10 Libraries\STM32F4xx_StdPeriph_Driver\src\stm32f4xx_tim.o
                0x08003780                TIM_OC3PreloadConfig
 .text.TIM_OC4PreloadConfig
                0x08003790       0x14 Libraries\STM32F4xx_StdPeriph_Driver\src\stm32f4xx_tim.o
                0x08003790                TIM_OC4PreloadConfig
 .text.TIM_ITConfig
                0x080037a4       0x12 Libraries\STM32F4xx_StdPeriph_Driver\src\stm32f4xx_tim.o
                0x080037a4                TIM_ITConfig
 .text.TIM_GetITStatus
                0x080037b6       0x16 Libraries\STM32F4xx_StdPeriph_Driver\src\stm32f4xx_tim.o
                0x080037b6                TIM_GetITStatus
 .text.TIM_ClearITPendingBit
                0x080037cc        0x8 Libraries\STM32F4xx_StdPeriph_Driver\src\stm32f4xx_tim.o
                0x080037cc                TIM_ClearITPendingBit
 .text.RCC_GetClocksFreq
                0x080037d4       0x8c Libraries\STM32F4xx_StdPeriph_Driver\src\stm32f4xx_rcc.o
                0x080037d4                RCC_GetClocksFreq
 .text.RCC_AHB1PeriphClockCmd
                0x08003860       0x18 Libraries\STM32F4xx_StdPeriph_Driver\src\stm32f4xx_rcc.o
                0x08003860                RCC_AHB1PeriphClockCmd
 .text.RCC_AHB2PeriphClockCmd
                0x08003878       0x18 Libraries\STM32F4xx_StdPeriph_Driver\src\stm32f4xx_rcc.o
                0x08003878                RCC_AHB2PeriphClockCmd
 .text.RCC_APB1PeriphClockCmd
                0x08003890       0x18 Libraries\STM32F4xx_StdPeriph_Driver\src\stm32f4xx_rcc.o
                0x08003890                RCC_APB1PeriphClockCmd
 .text.RCC_APB2PeriphClockCmd
                0x080038a8       0x18 Libraries\STM32F4xx_StdPeriph_Driver\src\stm32f4xx_rcc.o
                0x080038a8                RCC_APB2PeriphClockCmd
 .text.GPIO_Init
                0x080038c0       0x86 Libraries\STM32F4xx_StdPeriph_Driver\src\stm32f4xx_gpio.o
                0x080038c0                GPIO_Init
 .text.GPIO_SetBits
                0x08003946        0x4 Libraries\STM32F4xx_StdPeriph_Driver\src\stm32f4xx_gpio.o
                0x08003946                GPIO_SetBits
 .text.GPIO_ResetBits
                0x0800394a        0x4 Libraries\STM32F4xx_StdPeriph_Driver\src\stm32f4xx_gpio.o
                0x0800394a                GPIO_ResetBits
 .text.GPIO_PinAFConfig
                0x0800394e       0x2e Libraries\STM32F4xx_StdPeriph_Driver\src\stm32f4xx_gpio.o
                0x0800394e                GPIO_PinAFConfig
 .text.NVIC_PriorityGroupConfig
                0x0800397c       0x14 Libraries\STM32F4xx_StdPeriph_Driver\src\misc.o
                0x0800397c                NVIC_PriorityGroupConfig
 .text.NVIC_Init
                0x08003990       0x6c Libraries\STM32F4xx_StdPeriph_Driver\src\misc.o
                0x08003990                NVIC_Init
 .text.NVIC_SetVectorTable
                0x080039fc       0x14 Libraries\STM32F4xx_StdPeriph_Driver\src\misc.o
                0x080039fc                NVIC_SetVectorTable
 .text.__libc_init_array
                0x08003a10       0x4c c:/program files/atollic/truestudio for arm lite 4.1.0/armtools/bin/../lib/gcc/arm-atollic-eabi/4.7.3/../../../../arm-atollic-eabi/lib/armv7e-m/fpv4-sp-d16\libc.a(lib_a-init.o)
                0x08003a10                __libc_init_array
 .text.memcpy   0x08003a5c       0x12 c:/program files/atollic/truestudio for arm lite 4.1.0/armtools/bin/../lib/gcc/arm-atollic-eabi/4.7.3/../../../../arm-atollic-eabi/lib/armv7e-m/fpv4-sp-d16\libc.a(lib_a-memcpy.o)
                0x08003a5c                memcpy
 .text.strlen   0x08003a6e       0x10 c:/program files/atollic/truestudio for arm lite 4.1.0/armtools/bin/../lib/gcc/arm-atollic-eabi/4.7.3/../../../../arm-atollic-eabi/lib/armv7e-m/fpv4-sp-d16\libc.a(lib_a-strlen.o)
                0x08003a6e                strlen
 .text.strncpy  0x08003a7e       0x2a c:/program files/atollic/truestudio for arm lite 4.1.0/armtools/bin/../lib/gcc/arm-atollic-eabi/4.7.3/../../../../arm-atollic-eabi/lib/armv7e-m/fpv4-sp-d16\libc.a(lib_a-strncpy.o)
                0x08003a7e                strncpy
 *(.rodata)
 *(.rodata*)
 .rodata.str1.1
                0x08003aa8       0x5b src\main.o
 .rodata.str1.1
                0x08003b03        0x4 Libraries\STM32_USB_HOST_Library\Core\src\usbh_core.o
 *(.glue_7)
 .glue_7        0x00000000        0x0 linker stubs
 *(.glue_7t)
 .glue_7t       0x00000000        0x0 linker stubs
 *(.eh_frame)
 *fill*         0x08003b07        0x1 00
 .eh_frame      0x08003b08        0x0 c:/program files/atollic/truestudio for arm lite 4.1.0/armtools/bin/../lib/gcc/arm-atollic-eabi/4.7.3/armv7e-m/fpv4-sp-d16/crtbegin.o
 *(.init)
 .init          0x08003b08        0x4 c:/program files/atollic/truestudio for arm lite 4.1.0/armtools/bin/../lib/gcc/arm-atollic-eabi/4.7.3/armv7e-m/fpv4-sp-d16/crti.o
                0x08003b08                _init
 .init          0x08003b0c        0x8 c:/program files/atollic/truestudio for arm lite 4.1.0/armtools/bin/../lib/gcc/arm-atollic-eabi/4.7.3/armv7e-m/fpv4-sp-d16/crtn.o
 *(.fini)
 .fini          0x08003b14        0x4 c:/program files/atollic/truestudio for arm lite 4.1.0/armtools/bin/../lib/gcc/arm-atollic-eabi/4.7.3/armv7e-m/fpv4-sp-d16/crti.o
                0x08003b14                _fini
 .fini          0x08003b18        0x8 c:/program files/atollic/truestudio for arm lite 4.1.0/armtools/bin/../lib/gcc/arm-atollic-eabi/4.7.3/armv7e-m/fpv4-sp-d16/crtn.o
                0x08003b20                . = ALIGN (0x4)
                0x08003b20                _etext = .

.vfp11_veneer   0x08003b20        0x0
 .vfp11_veneer  0x00000000        0x0 linker stubs

.v4_bx          0x08003b20        0x0
 .v4_bx         0x00000000        0x0 linker stubs

.iplt           0x08003b20        0x0
 .iplt          0x00000000        0x0 c:/program files/atollic/truestudio for arm lite 4.1.0/armtools/bin/../lib/gcc/arm-atollic-eabi/4.7.3/armv7e-m/fpv4-sp-d16/crtbegin.o

.rel.dyn        0x08003b20        0x0
 .rel.iplt      0x00000000        0x0 c:/program files/atollic/truestudio for arm lite 4.1.0/armtools/bin/../lib/gcc/arm-atollic-eabi/4.7.3/armv7e-m/fpv4-sp-d16/crtbegin.o

.ARM.extab
 *(.ARM.extab* .gnu.linkonce.armextab.*)

.ARM            0x08003b20        0x0
                0x08003b20                __exidx_start = .
 *(.ARM.exidx*)
                0x08003b20                __exidx_end = .

.preinit_array  0x08003b20        0x0
                0x08003b20                PROVIDE (__preinit_array_start, .)
 *(.preinit_array*)
                0x08003b20                PROVIDE (__preinit_array_end, .)

.init_array     0x08003b20        0x4
                0x08003b20                PROVIDE (__init_array_start, .)
 *(SORT(.init_array.*))
 *(.init_array*)
 .init_array    0x08003b20        0x4 c:/program files/atollic/truestudio for arm lite 4.1.0/armtools/bin/../lib/gcc/arm-atollic-eabi/4.7.3/armv7e-m/fpv4-sp-d16/crtbegin.o
                0x08003b24                PROVIDE (__init_array_end, .)

.fini_array     0x08003b24        0x4
                0x08003b24                PROVIDE (__fini_array_start, .)
 *(.fini_array*)
 .fini_array    0x08003b24        0x4 c:/program files/atollic/truestudio for arm lite 4.1.0/armtools/bin/../lib/gcc/arm-atollic-eabi/4.7.3/armv7e-m/fpv4-sp-d16/crtbegin.o
 *(SORT(.fini_array.*))
                0x08003b28                PROVIDE (__fini_array_end, .)
                0x08003b28                _sidata = .

.data           0x20000000       0x7c load address 0x08003b28
                0x20000000                . = ALIGN (0x4)
                0x20000000                _sdata = .
 *(.data)
 *(.data*)
 .data.USR_Callbacks
                0x20000000       0x48 src\usbh_usr.o
                0x20000000                USR_Callbacks
 .data.USBH_ADK_cb
                0x20000048       0x10 src\usbh_adk_core.o
                0x20000048                USBH_ADK_cb
 .data.SystemCoreClock
                0x20000058        0x4 src\system_stm32f4xx.o
                0x20000058                SystemCoreClock
 .data.USBH_HCD_INT_fops
                0x2000005c        0x4 Libraries\STM32_USB_HOST_Library\Core\src\usbh_core.o
                0x2000005c                USBH_HCD_INT_fops
 .data.USBH_HCD_INT_cb
                0x20000060        0xc Libraries\STM32_USB_HOST_Library\Core\src\usbh_core.o
                0x20000060                USBH_HCD_INT_cb
 .data.APBAHBPrescTable
                0x2000006c       0x10 Libraries\STM32F4xx_StdPeriph_Driver\src\stm32f4xx_rcc.o
                0x2000007c                . = ALIGN (0x4)
                0x2000007c                _edata = .

.jcr            0x2000007c        0x0 load address 0x08003ba4
 .jcr           0x2000007c        0x0 c:/program files/atollic/truestudio for arm lite 4.1.0/armtools/bin/../lib/gcc/arm-atollic-eabi/4.7.3/armv7e-m/fpv4-sp-d16/crtbegin.o

.igot.plt       0x2000007c        0x0 load address 0x08003ba4
 .igot.plt      0x00000000        0x0 c:/program files/atollic/truestudio for arm lite 4.1.0/armtools/bin/../lib/gcc/arm-atollic-eabi/4.7.3/armv7e-m/fpv4-sp-d16/crtbegin.o
                0x2000007c                . = ALIGN (0x4)

.bss            0x2000007c      0xa98 load address 0x08003ba4
                0x2000007c                _sbss = .
                0x2000007c                __bss_start__ = _sbss
 *(.bss)
 .bss           0x2000007c       0x1c c:/program files/atollic/truestudio for arm lite 4.1.0/armtools/bin/../lib/gcc/arm-atollic-eabi/4.7.3/armv7e-m/fpv4-sp-d16/crtbegin.o
 *(.bss*)
 .bss.startup.9451
                0x20000098        0x1 src\usbh_usr.o
 *fill*         0x20000099        0x3 00
 .bss.BSP_delay
                0x2000009c        0x4 src\usb_bsp.o
                0x2000009c                BSP_delay
 .bss.prev_ep_size.8643
                0x200000a0        0x2 Libraries\STM32_USB_HOST_Library\Core\src\usbh_stdreq.o
 .bss.prev_itf.8644
                0x200000a2        0x1 Libraries\STM32_USB_HOST_Library\Core\src\usbh_stdreq.o
 *fill*         0x200000a3        0x1 00
 .bss.timeout.8681
                0x200000a4        0x2 Libraries\STM32_USB_HOST_Library\Core\src\usbh_core.o
 *(COMMON)
 COMMON         0x200000a6      0x21a src\usbh_adk_core.o
                0x200000a6                ADK_Machine
                0x200002b8                ADK_Setup
 COMMON         0x200002c0      0x654 src\main.o
                0x200002c0                TIM_TimeBaseStructure
                0x200002cc                USB_OTG_Core_dev
                0x20000878                TimingDelay
                0x2000087c                TIM_OCInitStructure
                0x20000890                USB_Host
 COMMON         0x20000914      0x200 Libraries\STM32_USB_HOST_Library\Core\src\usbh_stdreq.o
                0x20000914                USBH_CfgDesc
                0x20000b14                . = ALIGN (0x4)
                0x20000b14                _ebss = .
                0x20000b14                __bss_end__ = _ebss

._user_heap_stack
                0x20000b14      0x400 load address 0x08003ba4
                0x20000b14                . = ALIGN (0x4)
                0x20000b14                PROVIDE (end, .)
                0x20000b14                PROVIDE (_end, .)
                0x20000b14                . = (. + _Min_Heap_Size)
                0x20000f14                . = (. + _Min_Stack_Size)
 *fill*         0x20000b14      0x400 00
                0x20000f14                . = ALIGN (0x4)

.memory_b1_text
 *(.mb1text)
 *(.mb1text*)
 *(.mb1rodata)
 *(.mb1rodata*)

/DISCARD/
 libc.a(*)
 libm.a(*)
 libgcc.a(*)

.ARM.attributes
                0x00000000       0x30
 *(.ARM.attributes)
 .ARM.attributes
                0x00000000       0x24 c:/program files/atollic/truestudio for arm lite 4.1.0/armtools/bin/../lib/gcc/arm-atollic-eabi/4.7.3/armv7e-m/fpv4-sp-d16/crti.o
 .ARM.attributes
                0x00000024       0x2e c:/program files/atollic/truestudio for arm lite 4.1.0/armtools/bin/../lib/gcc/arm-atollic-eabi/4.7.3/armv7e-m/fpv4-sp-d16/crtbegin.o
 .ARM.attributes
                0x00000052       0x33 src\usbh_usr.o
 .ARM.attributes
                0x00000085       0x33 src\usbh_adk_core.o
 .ARM.attributes
                0x000000b8       0x33 src\usb_bsp.o
 .ARM.attributes
                0x000000eb       0x33 src\system_stm32f4xx.o
 .ARM.attributes
                0x0000011e       0x33 src\stm32f4xx_it.o
 .ARM.attributes
                0x00000151       0x21 src\startup_stm32f4xx.o
 .ARM.attributes
                0x00000172       0x33 src\main.o
 .ARM.attributes
                0x000001a5       0x33 Libraries\STM32_USB_OTG_Driver\src\usb_hcd_int.o
 .ARM.attributes
                0x000001d8       0x33 Libraries\STM32_USB_OTG_Driver\src\usb_hcd.o
 .ARM.attributes
                0x0000020b       0x33 Libraries\STM32_USB_OTG_Driver\src\usb_core.o
 .ARM.attributes
                0x0000023e       0x33 Libraries\STM32_USB_HOST_Library\Core\src\usbh_stdreq.o
 .ARM.attributes
                0x00000271       0x33 Libraries\STM32_USB_HOST_Library\Core\src\usbh_ioreq.o
 .ARM.attributes
                0x000002a4       0x33 Libraries\STM32_USB_HOST_Library\Core\src\usbh_hcs.o
 .ARM.attributes
                0x000002d7       0x33 Libraries\STM32_USB_HOST_Library\Core\src\usbh_core.o
 .ARM.attributes
                0x0000030a       0x33 Libraries\STM32F4xx_StdPeriph_Driver\src\stm32f4xx_tim.o
 .ARM.attributes
                0x0000033d       0x33 Libraries\STM32F4xx_StdPeriph_Driver\src\stm32f4xx_rcc.o
 .ARM.attributes
                0x00000370       0x33 Libraries\STM32F4xx_StdPeriph_Driver\src\stm32f4xx_gpio.o
 .ARM.attributes
                0x000003a3       0x33 Libraries\STM32F4xx_StdPeriph_Driver\src\misc.o
 .ARM.attributes
                0x000003d6       0x2e c:/program files/atollic/truestudio for arm lite 4.1.0/armtools/bin/../lib/gcc/arm-atollic-eabi/4.7.3/../../../../arm-atollic-eabi/lib/armv7e-m/fpv4-sp-d16\libc.a(lib_a-init.o)
 .ARM.attributes
                0x00000404       0x2e c:/program files/atollic/truestudio for arm lite 4.1.0/armtools/bin/../lib/gcc/arm-atollic-eabi/4.7.3/../../../../arm-atollic-eabi/lib/armv7e-m/fpv4-sp-d16\libc.a(lib_a-memcpy.o)
 .ARM.attributes
                0x00000432       0x2e c:/program files/atollic/truestudio for arm lite 4.1.0/armtools/bin/../lib/gcc/arm-atollic-eabi/4.7.3/../../../../arm-atollic-eabi/lib/armv7e-m/fpv4-sp-d16\libc.a(lib_a-strlen.o)
 .ARM.attributes
                0x00000460       0x2e c:/program files/atollic/truestudio for arm lite 4.1.0/armtools/bin/../lib/gcc/arm-atollic-eabi/4.7.3/../../../../arm-atollic-eabi/lib/armv7e-m/fpv4-sp-d16\libc.a(lib_a-strncpy.o)
 .ARM.attributes
                0x0000048e       0x24 c:/program files/atollic/truestudio for arm lite 4.1.0/armtools/bin/../lib/gcc/arm-atollic-eabi/4.7.3/armv7e-m/fpv4-sp-d16/crtn.o
OUTPUT(STM32F4_ADK.elf elf32-littlearm)

.comment        0x00000000       0x83
 .comment       0x00000000       0x83 src\usbh_usr.o
                                 0x84 (size before relaxing)
 .comment       0x00000000       0x84 src\usbh_adk_core.o
 .comment       0x00000000       0x84 src\usb_bsp.o
 .comment       0x00000000       0x84 src\system_stm32f4xx.o
 .comment       0x00000000       0x84 src\stm32f4xx_it.o
 .comment       0x00000000       0x84 src\main.o
 .comment       0x00000000       0x84 Libraries\STM32_USB_OTG_Driver\src\usb_hcd_int.o
 .comment       0x00000000       0x84 Libraries\STM32_USB_OTG_Driver\src\usb_hcd.o
 .comment       0x00000000       0x84 Libraries\STM32_USB_OTG_Driver\src\usb_core.o
 .comment       0x00000000       0x84 Libraries\STM32_USB_HOST_Library\Core\src\usbh_stdreq.o
 .comment       0x00000000       0x84 Libraries\STM32_USB_HOST_Library\Core\src\usbh_ioreq.o
 .comment       0x00000000       0x84 Libraries\STM32_USB_HOST_Library\Core\src\usbh_hcs.o
 .comment       0x00000000       0x84 Libraries\STM32_USB_HOST_Library\Core\src\usbh_core.o
 .comment       0x00000000       0x84 Libraries\STM32F4xx_StdPeriph_Driver\src\stm32f4xx_tim.o
 .comment       0x00000000       0x84 Libraries\STM32F4xx_StdPeriph_Driver\src\stm32f4xx_rcc.o
 .comment       0x00000000       0x84 Libraries\STM32F4xx_StdPeriph_Driver\src\stm32f4xx_gpio.o
 .comment       0x00000000       0x84 Libraries\STM32F4xx_StdPeriph_Driver\src\misc.o

.debug_frame    0x00000000       0xa0
 .debug_frame   0x00000000       0x2c c:/program files/atollic/truestudio for arm lite 4.1.0/armtools/bin/../lib/gcc/arm-atollic-eabi/4.7.3/../../../../arm-atollic-eabi/lib/armv7e-m/fpv4-sp-d16\libc.a(lib_a-init.o)
 .debug_frame   0x0000002c       0x28 c:/program files/atollic/truestudio for arm lite 4.1.0/armtools/bin/../lib/gcc/arm-atollic-eabi/4.7.3/../../../../arm-atollic-eabi/lib/armv7e-m/fpv4-sp-d16\libc.a(lib_a-memcpy.o)
 .debug_frame   0x00000054       0x20 c:/program files/atollic/truestudio for arm lite 4.1.0/armtools/bin/../lib/gcc/arm-atollic-eabi/4.7.3/../../../../arm-atollic-eabi/lib/armv7e-m/fpv4-sp-d16\libc.a(lib_a-strlen.o)
 .debug_frame   0x00000074       0x2c c:/program files/atollic/truestudio for arm lite 4.1.0/armtools/bin/../lib/gcc/arm-atollic-eabi/4.7.3/../../../../arm-atollic-eabi/lib/armv7e-m/fpv4-sp-d16\libc.a(lib_a-strncpy.o)

Cross Reference Table

Symbol                                            File
ADC_AnalogWatchdogCmd                             Libraries\STM32F4xx_StdPeriph_Driver\src\stm32f4xx_adc.o
ADC_AnalogWatchdogSingleChannelConfig             Libraries\STM32F4xx_StdPeriph_Driver\src\stm32f4xx_adc.o
ADC_AnalogWatchdogThresholdsConfig                Libraries\STM32F4xx_StdPeriph_Driver\src\stm32f4xx_adc.o
ADC_AutoInjectedConvCmd                           Libraries\STM32F4xx_StdPeriph_Driver\src\stm32f4xx_adc.o
ADC_ClearFlag                                     Libraries\STM32F4xx_StdPeriph_Driver\src\stm32f4xx_adc.o
ADC_ClearITPendingBit                             Libraries\STM32F4xx_StdPeriph_Driver\src\stm32f4xx_adc.o
ADC_Cmd                                           Libraries\STM32F4xx_StdPeriph_Driver\src\stm32f4xx_adc.o
ADC_CommonInit                                    Libraries\STM32F4xx_StdPeriph_Driver\src\stm32f4xx_adc.o
ADC_CommonStructInit                              Libraries\STM32F4xx_StdPeriph_Driver\src\stm32f4xx_adc.o
ADC_ContinuousModeCmd                             Libraries\STM32F4xx_StdPeriph_Driver\src\stm32f4xx_adc.o
ADC_DMACmd                                        Libraries\STM32F4xx_StdPeriph_Driver\src\stm32f4xx_adc.o
ADC_DMARequestAfterLastTransferCmd                Libraries\STM32F4xx_StdPeriph_Driver\src\stm32f4xx_adc.o
ADC_DeInit                                        Libraries\STM32F4xx_StdPeriph_Driver\src\stm32f4xx_adc.o
ADC_DiscModeChannelCountConfig                    Libraries\STM32F4xx_StdPeriph_Driver\src\stm32f4xx_adc.o
ADC_DiscModeCmd                                   Libraries\STM32F4xx_StdPeriph_Driver\src\stm32f4xx_adc.o
ADC_EOCOnEachRegularChannelCmd                    Libraries\STM32F4xx_StdPeriph_Driver\src\stm32f4xx_adc.o
ADC_ExternalTrigInjectedConvConfig                Libraries\STM32F4xx_StdPeriph_Driver\src\stm32f4xx_adc.o
ADC_ExternalTrigInjectedConvEdgeConfig            Libraries\STM32F4xx_StdPeriph_Driver\src\stm32f4xx_adc.o
ADC_GetConversionValue                            Libraries\STM32F4xx_StdPeriph_Driver\src\stm32f4xx_adc.o
ADC_GetFlagStatus                                 Libraries\STM32F4xx_StdPeriph_Driver\src\stm32f4xx_adc.o
ADC_GetITStatus                                   Libraries\STM32F4xx_StdPeriph_Driver\src\stm32f4xx_adc.o
ADC_GetInjectedConversionValue                    Libraries\STM32F4xx_StdPeriph_Driver\src\stm32f4xx_adc.o
ADC_GetMultiModeConversionValue                   Libraries\STM32F4xx_StdPeriph_Driver\src\stm32f4xx_adc.o
ADC_GetSoftwareStartConvStatus                    Libraries\STM32F4xx_StdPeriph_Driver\src\stm32f4xx_adc.o
ADC_GetSoftwareStartInjectedConvCmdStatus         Libraries\STM32F4xx_StdPeriph_Driver\src\stm32f4xx_adc.o
ADC_IRQHandler                                    src\startup_stm32f4xx.o
ADC_ITConfig                                      Libraries\STM32F4xx_StdPeriph_Driver\src\stm32f4xx_adc.o
ADC_Init                                          Libraries\STM32F4xx_StdPeriph_Driver\src\stm32f4xx_adc.o
ADC_InjectedChannelConfig                         Libraries\STM32F4xx_StdPeriph_Driver\src\stm32f4xx_adc.o
ADC_InjectedDiscModeCmd                           Libraries\STM32F4xx_StdPeriph_Driver\src\stm32f4xx_adc.o
ADC_InjectedSequencerLengthConfig                 Libraries\STM32F4xx_StdPeriph_Driver\src\stm32f4xx_adc.o
ADC_MultiModeDMARequestAfterLastTransferCmd       Libraries\STM32F4xx_StdPeriph_Driver\src\stm32f4xx_adc.o
ADC_RegularChannelConfig                          Libraries\STM32F4xx_StdPeriph_Driver\src\stm32f4xx_adc.o
ADC_SetInjectedOffset                             Libraries\STM32F4xx_StdPeriph_Driver\src\stm32f4xx_adc.o
ADC_SoftwareStartConv                             Libraries\STM32F4xx_StdPeriph_Driver\src\stm32f4xx_adc.o
ADC_SoftwareStartInjectedConv                     Libraries\STM32F4xx_StdPeriph_Driver\src\stm32f4xx_adc.o
ADC_StructInit                                    Libraries\STM32F4xx_StdPeriph_Driver\src\stm32f4xx_adc.o
ADC_TempSensorVrefintCmd                          Libraries\STM32F4xx_StdPeriph_Driver\src\stm32f4xx_adc.o
ADC_VBATCmd                                       Libraries\STM32F4xx_StdPeriph_Driver\src\stm32f4xx_adc.o
ADK_Machine                                       src\usbh_adk_core.o
ADK_Setup                                         src\usbh_adk_core.o
AHBPrescTable                                     src\system_stm32f4xx.o
BSP_delay                                         src\usb_bsp.o
BUTTON_CLK                                        Utilities\STM32_EVAL\stm32f4_discovery.o
BUTTON_EXTI_LINE                                  Utilities\STM32_EVAL\stm32f4_discovery.o
BUTTON_IRQn                                       Utilities\STM32_EVAL\stm32f4_discovery.o
BUTTON_PIN                                        Utilities\STM32_EVAL\stm32f4_discovery.o
BUTTON_PIN_SOURCE                                 Utilities\STM32_EVAL\stm32f4_discovery.o
BUTTON_PORT                                       Utilities\STM32_EVAL\stm32f4_discovery.o
BUTTON_PORT_SOURCE                                Utilities\STM32_EVAL\stm32f4_discovery.o
BusFault_Handler                                  src\stm32f4xx_it.o
CAN1_RX0_IRQHandler                               src\startup_stm32f4xx.o
CAN1_RX1_IRQHandler                               src\startup_stm32f4xx.o
CAN1_SCE_IRQHandler                               src\startup_stm32f4xx.o
CAN1_TX_IRQHandler                                src\startup_stm32f4xx.o
CAN2_RX0_IRQHandler                               src\startup_stm32f4xx.o
CAN2_RX1_IRQHandler                               src\startup_stm32f4xx.o
CAN2_SCE_IRQHandler                               src\startup_stm32f4xx.o
CAN2_TX_IRQHandler                                src\startup_stm32f4xx.o
CAN_CancelTransmit                                Libraries\STM32F4xx_StdPeriph_Driver\src\stm32f4xx_can.o
CAN_ClearFlag                                     Libraries\STM32F4xx_StdPeriph_Driver\src\stm32f4xx_can.o
CAN_ClearITPendingBit                             Libraries\STM32F4xx_StdPeriph_Driver\src\stm32f4xx_can.o
CAN_DBGFreeze                                     Libraries\STM32F4xx_StdPeriph_Driver\src\stm32f4xx_can.o
CAN_DeInit                                        Libraries\STM32F4xx_StdPeriph_Driver\src\stm32f4xx_can.o
CAN_FIFORelease                                   Libraries\STM32F4xx_StdPeriph_Driver\src\stm32f4xx_can.o
CAN_FilterInit                                    Libraries\STM32F4xx_StdPeriph_Driver\src\stm32f4xx_can.o
CAN_GetFlagStatus                                 Libraries\STM32F4xx_StdPeriph_Driver\src\stm32f4xx_can.o
CAN_GetITStatus                                   Libraries\STM32F4xx_StdPeriph_Driver\src\stm32f4xx_can.o
CAN_GetLSBTransmitErrorCounter                    Libraries\STM32F4xx_StdPeriph_Driver\src\stm32f4xx_can.o
CAN_GetLastErrorCode                              Libraries\STM32F4xx_StdPeriph_Driver\src\stm32f4xx_can.o
CAN_GetReceiveErrorCounter                        Libraries\STM32F4xx_StdPeriph_Driver\src\stm32f4xx_can.o
CAN_ITConfig                                      Libraries\STM32F4xx_StdPeriph_Driver\src\stm32f4xx_can.o
CAN_Init                                          Libraries\STM32F4xx_StdPeriph_Driver\src\stm32f4xx_can.o
CAN_MessagePending                                Libraries\STM32F4xx_StdPeriph_Driver\src\stm32f4xx_can.o
CAN_OperatingModeRequest                          Libraries\STM32F4xx_StdPeriph_Driver\src\stm32f4xx_can.o
CAN_Receive                                       Libraries\STM32F4xx_StdPeriph_Driver\src\stm32f4xx_can.o
CAN_SlaveStartBank                                Libraries\STM32F4xx_StdPeriph_Driver\src\stm32f4xx_can.o
CAN_Sleep                                         Libraries\STM32F4xx_StdPeriph_Driver\src\stm32f4xx_can.o
CAN_StructInit                                    Libraries\STM32F4xx_StdPeriph_Driver\src\stm32f4xx_can.o
CAN_TTComModeCmd                                  Libraries\STM32F4xx_StdPeriph_Driver\src\stm32f4xx_can.o
CAN_Transmit                                      Libraries\STM32F4xx_StdPeriph_Driver\src\stm32f4xx_can.o
CAN_TransmitStatus                                Libraries\STM32F4xx_StdPeriph_Driver\src\stm32f4xx_can.o
CAN_WakeUp                                        Libraries\STM32F4xx_StdPeriph_Driver\src\stm32f4xx_can.o
COM_RX_AF                                         src\uart_debug.o
COM_RX_PIN                                        src\uart_debug.o
COM_RX_PIN_SOURCE                                 src\uart_debug.o
COM_RX_PORT                                       src\uart_debug.o
COM_RX_PORT_CLK                                   src\uart_debug.o
COM_TX_AF                                         src\uart_debug.o
COM_TX_PIN                                        src\uart_debug.o
COM_TX_PIN_SOURCE                                 src\uart_debug.o
COM_TX_PORT                                       src\uart_debug.o
COM_TX_PORT_CLK                                   src\uart_debug.o
COM_USART                                         src\uart_debug.o
COM_USART_CLK                                     src\uart_debug.o
CRC_CalcBlockCRC                                  Libraries\STM32F4xx_StdPeriph_Driver\src\stm32f4xx_crc.o
CRC_CalcCRC                                       Libraries\STM32F4xx_StdPeriph_Driver\src\stm32f4xx_crc.o
CRC_GetCRC                                        Libraries\STM32F4xx_StdPeriph_Driver\src\stm32f4xx_crc.o
CRC_GetIDRegister                                 Libraries\STM32F4xx_StdPeriph_Driver\src\stm32f4xx_crc.o
CRC_ResetDR                                       Libraries\STM32F4xx_StdPeriph_Driver\src\stm32f4xx_crc.o
CRC_SetIDRegister                                 Libraries\STM32F4xx_StdPeriph_Driver\src\stm32f4xx_crc.o
CRYP_AES_CBC                                      Libraries\STM32F4xx_StdPeriph_Driver\src\stm32f4xx_cryp_aes.o
CRYP_AES_CTR                                      Libraries\STM32F4xx_StdPeriph_Driver\src\stm32f4xx_cryp_aes.o
CRYP_AES_ECB                                      Libraries\STM32F4xx_StdPeriph_Driver\src\stm32f4xx_cryp_aes.o
CRYP_Cmd                                          Libraries\STM32F4xx_StdPeriph_Driver\src\stm32f4xx_cryp.o
                                                  Libraries\STM32F4xx_StdPeriph_Driver\src\stm32f4xx_cryp_aes.o
                                                  Libraries\STM32F4xx_StdPeriph_Driver\src\stm32f4xx_cryp_des.o
                                                  Libraries\STM32F4xx_StdPeriph_Driver\src\stm32f4xx_cryp_tdes.o
CRYP_DES_CBC                                      Libraries\STM32F4xx_StdPeriph_Driver\src\stm32f4xx_cryp_des.o
CRYP_DES_ECB                                      Libraries\STM32F4xx_StdPeriph_Driver\src\stm32f4xx_cryp_des.o
CRYP_DMACmd                                       Libraries\STM32F4xx_StdPeriph_Driver\src\stm32f4xx_cryp.o
CRYP_DataIn                                       Libraries\STM32F4xx_StdPeriph_Driver\src\stm32f4xx_cryp.o
                                                  Libraries\STM32F4xx_StdPeriph_Driver\src\stm32f4xx_cryp_aes.o
                                                  Libraries\STM32F4xx_StdPeriph_Driver\src\stm32f4xx_cryp_des.o
                                                  Libraries\STM32F4xx_StdPeriph_Driver\src\stm32f4xx_cryp_tdes.o
CRYP_DataOut                                      Libraries\STM32F4xx_StdPeriph_Driver\src\stm32f4xx_cryp.o
                                                  Libraries\STM32F4xx_StdPeriph_Driver\src\stm32f4xx_cryp_aes.o
                                                  Libraries\STM32F4xx_StdPeriph_Driver\src\stm32f4xx_cryp_des.o
                                                  Libraries\STM32F4xx_StdPeriph_Driver\src\stm32f4xx_cryp_tdes.o
CRYP_DeInit                                       Libraries\STM32F4xx_StdPeriph_Driver\src\stm32f4xx_cryp.o
CRYP_FIFOFlush                                    Libraries\STM32F4xx_StdPeriph_Driver\src\stm32f4xx_cryp.o
                                                  Libraries\STM32F4xx_StdPeriph_Driver\src\stm32f4xx_cryp_aes.o
                                                  Libraries\STM32F4xx_StdPeriph_Driver\src\stm32f4xx_cryp_des.o
                                                  Libraries\STM32F4xx_StdPeriph_Driver\src\stm32f4xx_cryp_tdes.o
CRYP_GetFlagStatus                                Libraries\STM32F4xx_StdPeriph_Driver\src\stm32f4xx_cryp.o
                                                  Libraries\STM32F4xx_StdPeriph_Driver\src\stm32f4xx_cryp_aes.o
                                                  Libraries\STM32F4xx_StdPeriph_Driver\src\stm32f4xx_cryp_des.o
                                                  Libraries\STM32F4xx_StdPeriph_Driver\src\stm32f4xx_cryp_tdes.o
CRYP_GetITStatus                                  Libraries\STM32F4xx_StdPeriph_Driver\src\stm32f4xx_cryp.o
CRYP_IRQHandler                                   src\startup_stm32f4xx.o
CRYP_ITConfig                                     Libraries\STM32F4xx_StdPeriph_Driver\src\stm32f4xx_cryp.o
CRYP_IVInit                                       Libraries\STM32F4xx_StdPeriph_Driver\src\stm32f4xx_cryp.o
                                                  Libraries\STM32F4xx_StdPeriph_Driver\src\stm32f4xx_cryp_aes.o
                                                  Libraries\STM32F4xx_StdPeriph_Driver\src\stm32f4xx_cryp_des.o
                                                  Libraries\STM32F4xx_StdPeriph_Driver\src\stm32f4xx_cryp_tdes.o
CRYP_IVStructInit                                 Libraries\STM32F4xx_StdPeriph_Driver\src\stm32f4xx_cryp.o
CRYP_Init                                         Libraries\STM32F4xx_StdPeriph_Driver\src\stm32f4xx_cryp.o
                                                  Libraries\STM32F4xx_StdPeriph_Driver\src\stm32f4xx_cryp_aes.o
                                                  Libraries\STM32F4xx_StdPeriph_Driver\src\stm32f4xx_cryp_des.o
                                                  Libraries\STM32F4xx_StdPeriph_Driver\src\stm32f4xx_cryp_tdes.o
CRYP_KeyInit                                      Libraries\STM32F4xx_StdPeriph_Driver\src\stm32f4xx_cryp.o
                                                  Libraries\STM32F4xx_StdPeriph_Driver\src\stm32f4xx_cryp_aes.o
                                                  Libraries\STM32F4xx_StdPeriph_Driver\src\stm32f4xx_cryp_des.o
                                                  Libraries\STM32F4xx_StdPeriph_Driver\src\stm32f4xx_cryp_tdes.o
CRYP_KeyStructInit                                Libraries\STM32F4xx_StdPeriph_Driver\src\stm32f4xx_cryp.o
                                                  Libraries\STM32F4xx_StdPeriph_Driver\src\stm32f4xx_cryp_aes.o
                                                  Libraries\STM32F4xx_StdPeriph_Driver\src\stm32f4xx_cryp_des.o
                                                  Libraries\STM32F4xx_StdPeriph_Driver\src\stm32f4xx_cryp_tdes.o
CRYP_RestoreContext                               Libraries\STM32F4xx_StdPeriph_Driver\src\stm32f4xx_cryp.o
CRYP_SaveContext                                  Libraries\STM32F4xx_StdPeriph_Driver\src\stm32f4xx_cryp.o
CRYP_StructInit                                   Libraries\STM32F4xx_StdPeriph_Driver\src\stm32f4xx_cryp.o
CRYP_TDES_CBC                                     Libraries\STM32F4xx_StdPeriph_Driver\src\stm32f4xx_cryp_tdes.o
CRYP_TDES_ECB                                     Libraries\STM32F4xx_StdPeriph_Driver\src\stm32f4xx_cryp_tdes.o
DAC_ClearFlag                                     Libraries\STM32F4xx_StdPeriph_Driver\src\stm32f4xx_dac.o
DAC_ClearITPendingBit                             Libraries\STM32F4xx_StdPeriph_Driver\src\stm32f4xx_dac.o
DAC_Cmd                                           Libraries\STM32F4xx_StdPeriph_Driver\src\stm32f4xx_dac.o
DAC_DMACmd                                        Libraries\STM32F4xx_StdPeriph_Driver\src\stm32f4xx_dac.o
DAC_DeInit                                        Libraries\STM32F4xx_StdPeriph_Driver\src\stm32f4xx_dac.o
DAC_DualSoftwareTriggerCmd                        Libraries\STM32F4xx_StdPeriph_Driver\src\stm32f4xx_dac.o
DAC_GetDataOutputValue                            Libraries\STM32F4xx_StdPeriph_Driver\src\stm32f4xx_dac.o
DAC_GetFlagStatus                                 Libraries\STM32F4xx_StdPeriph_Driver\src\stm32f4xx_dac.o
DAC_GetITStatus                                   Libraries\STM32F4xx_StdPeriph_Driver\src\stm32f4xx_dac.o
DAC_ITConfig                                      Libraries\STM32F4xx_StdPeriph_Driver\src\stm32f4xx_dac.o
DAC_Init                                          Libraries\STM32F4xx_StdPeriph_Driver\src\stm32f4xx_dac.o
DAC_SetChannel1Data                               Libraries\STM32F4xx_StdPeriph_Driver\src\stm32f4xx_dac.o
DAC_SetChannel2Data                               Libraries\STM32F4xx_StdPeriph_Driver\src\stm32f4xx_dac.o
DAC_SetDualChannelData                            Libraries\STM32F4xx_StdPeriph_Driver\src\stm32f4xx_dac.o
DAC_SoftwareTriggerCmd                            Libraries\STM32F4xx_StdPeriph_Driver\src\stm32f4xx_dac.o
DAC_StructInit                                    Libraries\STM32F4xx_StdPeriph_Driver\src\stm32f4xx_dac.o
DAC_WaveGenerationCmd                             Libraries\STM32F4xx_StdPeriph_Driver\src\stm32f4xx_dac.o
DBGMCU_APB1PeriphConfig                           Libraries\STM32F4xx_StdPeriph_Driver\src\stm32f4xx_dbgmcu.o
DBGMCU_APB2PeriphConfig                           Libraries\STM32F4xx_StdPeriph_Driver\src\stm32f4xx_dbgmcu.o
DBGMCU_Config                                     Libraries\STM32F4xx_StdPeriph_Driver\src\stm32f4xx_dbgmcu.o
DBGMCU_GetDEVID                                   Libraries\STM32F4xx_StdPeriph_Driver\src\stm32f4xx_dbgmcu.o
DBGMCU_GetREVID                                   Libraries\STM32F4xx_StdPeriph_Driver\src\stm32f4xx_dbgmcu.o
DCMI_CROPCmd                                      Libraries\STM32F4xx_StdPeriph_Driver\src\stm32f4xx_dcmi.o
DCMI_CROPConfig                                   Libraries\STM32F4xx_StdPeriph_Driver\src\stm32f4xx_dcmi.o
DCMI_CaptureCmd                                   Libraries\STM32F4xx_StdPeriph_Driver\src\stm32f4xx_dcmi.o
DCMI_ClearFlag                                    Libraries\STM32F4xx_StdPeriph_Driver\src\stm32f4xx_dcmi.o
DCMI_ClearITPendingBit                            Libraries\STM32F4xx_StdPeriph_Driver\src\stm32f4xx_dcmi.o
DCMI_Cmd                                          Libraries\STM32F4xx_StdPeriph_Driver\src\stm32f4xx_dcmi.o
DCMI_DeInit                                       Libraries\STM32F4xx_StdPeriph_Driver\src\stm32f4xx_dcmi.o
DCMI_GetFlagStatus                                Libraries\STM32F4xx_StdPeriph_Driver\src\stm32f4xx_dcmi.o
DCMI_GetITStatus                                  Libraries\STM32F4xx_StdPeriph_Driver\src\stm32f4xx_dcmi.o
DCMI_IRQHandler                                   src\startup_stm32f4xx.o
DCMI_ITConfig                                     Libraries\STM32F4xx_StdPeriph_Driver\src\stm32f4xx_dcmi.o
DCMI_Init                                         Libraries\STM32F4xx_StdPeriph_Driver\src\stm32f4xx_dcmi.o
DCMI_JPEGCmd                                      Libraries\STM32F4xx_StdPeriph_Driver\src\stm32f4xx_dcmi.o
DCMI_ReadData                                     Libraries\STM32F4xx_StdPeriph_Driver\src\stm32f4xx_dcmi.o
DCMI_SetEmbeddedSynchroCodes                      Libraries\STM32F4xx_StdPeriph_Driver\src\stm32f4xx_dcmi.o
DCMI_StructInit                                   Libraries\STM32F4xx_StdPeriph_Driver\src\stm32f4xx_dcmi.o
DMA1_Stream0_IRQHandler                           src\startup_stm32f4xx.o
DMA1_Stream1_IRQHandler                           src\startup_stm32f4xx.o
DMA1_Stream2_IRQHandler                           src\startup_stm32f4xx.o
DMA1_Stream3_IRQHandler                           src\startup_stm32f4xx.o
DMA1_Stream4_IRQHandler                           src\startup_stm32f4xx.o
DMA1_Stream5_IRQHandler                           src\startup_stm32f4xx.o
DMA1_Stream6_IRQHandler                           src\startup_stm32f4xx.o
DMA1_Stream7_IRQHandler                           src\startup_stm32f4xx.o
DMA2_Stream0_IRQHandler                           src\startup_stm32f4xx.o
DMA2_Stream1_IRQHandler                           src\startup_stm32f4xx.o
DMA2_Stream2_IRQHandler                           src\startup_stm32f4xx.o
DMA2_Stream3_IRQHandler                           src\startup_stm32f4xx.o
DMA2_Stream4_IRQHandler                           src\startup_stm32f4xx.o
DMA2_Stream5_IRQHandler                           src\startup_stm32f4xx.o
DMA2_Stream6_IRQHandler                           src\startup_stm32f4xx.o
DMA2_Stream7_IRQHandler                           src\startup_stm32f4xx.o
DMA_ClearFlag                                     Libraries\STM32F4xx_StdPeriph_Driver\src\stm32f4xx_dma.o
DMA_ClearITPendingBit                             Libraries\STM32F4xx_StdPeriph_Driver\src\stm32f4xx_dma.o
DMA_Cmd                                           Libraries\STM32F4xx_StdPeriph_Driver\src\stm32f4xx_dma.o
DMA_DeInit                                        Libraries\STM32F4xx_StdPeriph_Driver\src\stm32f4xx_dma.o
DMA_DoubleBufferModeCmd                           Libraries\STM32F4xx_StdPeriph_Driver\src\stm32f4xx_dma.o
DMA_DoubleBufferModeConfig                        Libraries\STM32F4xx_StdPeriph_Driver\src\stm32f4xx_dma.o
DMA_FlowControllerConfig                          Libraries\STM32F4xx_StdPeriph_Driver\src\stm32f4xx_dma.o
DMA_GetCmdStatus                                  Libraries\STM32F4xx_StdPeriph_Driver\src\stm32f4xx_dma.o
DMA_GetCurrDataCounter                            Libraries\STM32F4xx_StdPeriph_Driver\src\stm32f4xx_dma.o
DMA_GetCurrentMemoryTarget                        Libraries\STM32F4xx_StdPeriph_Driver\src\stm32f4xx_dma.o
DMA_GetFIFOStatus                                 Libraries\STM32F4xx_StdPeriph_Driver\src\stm32f4xx_dma.o
DMA_GetFlagStatus                                 Libraries\STM32F4xx_StdPeriph_Driver\src\stm32f4xx_dma.o
DMA_GetITStatus                                   Libraries\STM32F4xx_StdPeriph_Driver\src\stm32f4xx_dma.o
DMA_ITConfig                                      Libraries\STM32F4xx_StdPeriph_Driver\src\stm32f4xx_dma.o
DMA_Init                                          Libraries\STM32F4xx_StdPeriph_Driver\src\stm32f4xx_dma.o
DMA_MemoryTargetConfig                            Libraries\STM32F4xx_StdPeriph_Driver\src\stm32f4xx_dma.o
DMA_PeriphIncOffsetSizeConfig                     Libraries\STM32F4xx_StdPeriph_Driver\src\stm32f4xx_dma.o
DMA_SetCurrDataCounter                            Libraries\STM32F4xx_StdPeriph_Driver\src\stm32f4xx_dma.o
DMA_StructInit                                    Libraries\STM32F4xx_StdPeriph_Driver\src\stm32f4xx_dma.o
DebugMon_Handler                                  src\stm32f4xx_it.o
Default_Handler                                   src\startup_stm32f4xx.o
Delay                                             src\main.o
ETH_IRQHandler                                    src\startup_stm32f4xx.o
ETH_WKUP_IRQHandler                               src\startup_stm32f4xx.o
EXTI0_IRQHandler                                  src\startup_stm32f4xx.o
EXTI15_10_IRQHandler                              src\startup_stm32f4xx.o
EXTI1_IRQHandler                                  src\startup_stm32f4xx.o
EXTI2_IRQHandler                                  src\startup_stm32f4xx.o
EXTI3_IRQHandler                                  src\startup_stm32f4xx.o
EXTI4_IRQHandler                                  src\startup_stm32f4xx.o
EXTI9_5_IRQHandler                                src\startup_stm32f4xx.o
EXTI_ClearFlag                                    Libraries\STM32F4xx_StdPeriph_Driver\src\stm32f4xx_exti.o
EXTI_ClearITPendingBit                            Libraries\STM32F4xx_StdPeriph_Driver\src\stm32f4xx_exti.o
EXTI_DeInit                                       Libraries\STM32F4xx_StdPeriph_Driver\src\stm32f4xx_exti.o
EXTI_GenerateSWInterrupt                          Libraries\STM32F4xx_StdPeriph_Driver\src\stm32f4xx_exti.o
EXTI_GetFlagStatus                                Libraries\STM32F4xx_StdPeriph_Driver\src\stm32f4xx_exti.o
EXTI_GetITStatus                                  Libraries\STM32F4xx_StdPeriph_Driver\src\stm32f4xx_exti.o
EXTI_Init                                         Libraries\STM32F4xx_StdPeriph_Driver\src\stm32f4xx_exti.o
                                                  Utilities\STM32_EVAL\stm32f4_discovery.o
EXTI_StructInit                                   Libraries\STM32F4xx_StdPeriph_Driver\src\stm32f4xx_exti.o
FLASH_ClearFlag                                   Libraries\STM32F4xx_StdPeriph_Driver\src\stm32f4xx_flash.o
FLASH_DataCacheCmd                                Libraries\STM32F4xx_StdPeriph_Driver\src\stm32f4xx_flash.o
FLASH_DataCacheReset                              Libraries\STM32F4xx_StdPeriph_Driver\src\stm32f4xx_flash.o
FLASH_EraseAllSectors                             Libraries\STM32F4xx_StdPeriph_Driver\src\stm32f4xx_flash.o
FLASH_EraseSector                                 Libraries\STM32F4xx_StdPeriph_Driver\src\stm32f4xx_flash.o
FLASH_GetFlagStatus                               Libraries\STM32F4xx_StdPeriph_Driver\src\stm32f4xx_flash.o
FLASH_GetStatus                                   Libraries\STM32F4xx_StdPeriph_Driver\src\stm32f4xx_flash.o
FLASH_IRQHandler                                  src\startup_stm32f4xx.o
FLASH_ITConfig                                    Libraries\STM32F4xx_StdPeriph_Driver\src\stm32f4xx_flash.o
FLASH_InstructionCacheCmd                         Libraries\STM32F4xx_StdPeriph_Driver\src\stm32f4xx_flash.o
FLASH_InstructionCacheReset                       Libraries\STM32F4xx_StdPeriph_Driver\src\stm32f4xx_flash.o
FLASH_Lock                                        Libraries\STM32F4xx_StdPeriph_Driver\src\stm32f4xx_flash.o
FLASH_OB_BORConfig                                Libraries\STM32F4xx_StdPeriph_Driver\src\stm32f4xx_flash.o
FLASH_OB_GetBOR                                   Libraries\STM32F4xx_StdPeriph_Driver\src\stm32f4xx_flash.o
FLASH_OB_GetRDP                                   Libraries\STM32F4xx_StdPeriph_Driver\src\stm32f4xx_flash.o
FLASH_OB_GetUser                                  Libraries\STM32F4xx_StdPeriph_Driver\src\stm32f4xx_flash.o
FLASH_OB_GetWRP                                   Libraries\STM32F4xx_StdPeriph_Driver\src\stm32f4xx_flash.o
FLASH_OB_Launch                                   Libraries\STM32F4xx_StdPeriph_Driver\src\stm32f4xx_flash.o
FLASH_OB_Lock                                     Libraries\STM32F4xx_StdPeriph_Driver\src\stm32f4xx_flash.o
FLASH_OB_RDPConfig                                Libraries\STM32F4xx_StdPeriph_Driver\src\stm32f4xx_flash.o
FLASH_OB_Unlock                                   Libraries\STM32F4xx_StdPeriph_Driver\src\stm32f4xx_flash.o
FLASH_OB_UserConfig                               Libraries\STM32F4xx_StdPeriph_Driver\src\stm32f4xx_flash.o
FLASH_OB_WRPConfig                                Libraries\STM32F4xx_StdPeriph_Driver\src\stm32f4xx_flash.o
FLASH_PrefetchBufferCmd                           Libraries\STM32F4xx_StdPeriph_Driver\src\stm32f4xx_flash.o
FLASH_ProgramByte                                 Libraries\STM32F4xx_StdPeriph_Driver\src\stm32f4xx_flash.o
FLASH_ProgramDoubleWord                           Libraries\STM32F4xx_StdPeriph_Driver\src\stm32f4xx_flash.o
FLASH_ProgramHalfWord                             Libraries\STM32F4xx_StdPeriph_Driver\src\stm32f4xx_flash.o
FLASH_ProgramWord                                 Libraries\STM32F4xx_StdPeriph_Driver\src\stm32f4xx_flash.o
FLASH_SetLatency                                  Libraries\STM32F4xx_StdPeriph_Driver\src\stm32f4xx_flash.o
FLASH_Unlock                                      Libraries\STM32F4xx_StdPeriph_Driver\src\stm32f4xx_flash.o
FLASH_WaitForLastOperation                        Libraries\STM32F4xx_StdPeriph_Driver\src\stm32f4xx_flash.o
FPU_IRQHandler                                    src\startup_stm32f4xx.o
FSMC_ClearFlag                                    Libraries\STM32F4xx_StdPeriph_Driver\src\stm32f4xx_fsmc.o
FSMC_ClearITPendingBit                            Libraries\STM32F4xx_StdPeriph_Driver\src\stm32f4xx_fsmc.o
FSMC_GetECC                                       Libraries\STM32F4xx_StdPeriph_Driver\src\stm32f4xx_fsmc.o
FSMC_GetFlagStatus                                Libraries\STM32F4xx_StdPeriph_Driver\src\stm32f4xx_fsmc.o
FSMC_GetITStatus                                  Libraries\STM32F4xx_StdPeriph_Driver\src\stm32f4xx_fsmc.o
FSMC_IRQHandler                                   src\startup_stm32f4xx.o
FSMC_ITConfig                                     Libraries\STM32F4xx_StdPeriph_Driver\src\stm32f4xx_fsmc.o
FSMC_NANDCmd                                      Libraries\STM32F4xx_StdPeriph_Driver\src\stm32f4xx_fsmc.o
FSMC_NANDDeInit                                   Libraries\STM32F4xx_StdPeriph_Driver\src\stm32f4xx_fsmc.o
FSMC_NANDECCCmd                                   Libraries\STM32F4xx_StdPeriph_Driver\src\stm32f4xx_fsmc.o
FSMC_NANDInit                                     Libraries\STM32F4xx_StdPeriph_Driver\src\stm32f4xx_fsmc.o
FSMC_NANDStructInit                               Libraries\STM32F4xx_StdPeriph_Driver\src\stm32f4xx_fsmc.o
FSMC_NORSRAMCmd                                   Libraries\STM32F4xx_StdPeriph_Driver\src\stm32f4xx_fsmc.o
FSMC_NORSRAMDeInit                                Libraries\STM32F4xx_StdPeriph_Driver\src\stm32f4xx_fsmc.o
FSMC_NORSRAMInit                                  Libraries\STM32F4xx_StdPeriph_Driver\src\stm32f4xx_fsmc.o
FSMC_NORSRAMStructInit                            Libraries\STM32F4xx_StdPeriph_Driver\src\stm32f4xx_fsmc.o
FSMC_PCCARDCmd                                    Libraries\STM32F4xx_StdPeriph_Driver\src\stm32f4xx_fsmc.o
FSMC_PCCARDDeInit                                 Libraries\STM32F4xx_StdPeriph_Driver\src\stm32f4xx_fsmc.o
FSMC_PCCARDInit                                   Libraries\STM32F4xx_StdPeriph_Driver\src\stm32f4xx_fsmc.o
FSMC_PCCARDStructInit                             Libraries\STM32F4xx_StdPeriph_Driver\src\stm32f4xx_fsmc.o
GPIO_CLK                                          Utilities\STM32_EVAL\stm32f4_discovery.o
GPIO_DeInit                                       Libraries\STM32F4xx_StdPeriph_Driver\src\stm32f4xx_gpio.o
GPIO_Init                                         Libraries\STM32F4xx_StdPeriph_Driver\src\stm32f4xx_gpio.o
                                                  Utilities\STM32_EVAL\stm32f4_discovery.o
                                                  src\main.o
                                                  src\uart_debug.o
                                                  src\usb_bsp.o
GPIO_PIN                                          Utilities\STM32_EVAL\stm32f4_discovery.o
GPIO_PORT                                         Utilities\STM32_EVAL\stm32f4_discovery.o
GPIO_PinAFConfig                                  Libraries\STM32F4xx_StdPeriph_Driver\src\stm32f4xx_gpio.o
                                                  src\main.o
                                                  src\uart_debug.o
                                                  src\usb_bsp.o
GPIO_PinLockConfig                                Libraries\STM32F4xx_StdPeriph_Driver\src\stm32f4xx_gpio.o
GPIO_ReadInputData                                Libraries\STM32F4xx_StdPeriph_Driver\src\stm32f4xx_gpio.o
GPIO_ReadInputDataBit                             Libraries\STM32F4xx_StdPeriph_Driver\src\stm32f4xx_gpio.o
                                                  Utilities\STM32_EVAL\stm32f4_discovery.o
GPIO_ReadOutputData                               Libraries\STM32F4xx_StdPeriph_Driver\src\stm32f4xx_gpio.o
GPIO_ReadOutputDataBit                            Libraries\STM32F4xx_StdPeriph_Driver\src\stm32f4xx_gpio.o
GPIO_ResetBits                                    Libraries\STM32F4xx_StdPeriph_Driver\src\stm32f4xx_gpio.o
                                                  src\usb_bsp.o
GPIO_SetBits                                      Libraries\STM32F4xx_StdPeriph_Driver\src\stm32f4xx_gpio.o
                                                  src\usb_bsp.o
GPIO_StructInit                                   Libraries\STM32F4xx_StdPeriph_Driver\src\stm32f4xx_gpio.o
GPIO_ToggleBits                                   Libraries\STM32F4xx_StdPeriph_Driver\src\stm32f4xx_gpio.o
GPIO_Write                                        Libraries\STM32F4xx_StdPeriph_Driver\src\stm32f4xx_gpio.o
GPIO_WriteBit                                     Libraries\STM32F4xx_StdPeriph_Driver\src\stm32f4xx_gpio.o
HASH_ClearFlag                                    Libraries\STM32F4xx_StdPeriph_Driver\src\stm32f4xx_hash.o
HASH_ClearITPendingBit                            Libraries\STM32F4xx_StdPeriph_Driver\src\stm32f4xx_hash.o
HASH_DMACmd                                       Libraries\STM32F4xx_StdPeriph_Driver\src\stm32f4xx_hash.o
HASH_DataIn                                       Libraries\STM32F4xx_StdPeriph_Driver\src\stm32f4xx_hash.o
                                                  Libraries\STM32F4xx_StdPeriph_Driver\src\stm32f4xx_hash_md5.o
                                                  Libraries\STM32F4xx_StdPeriph_Driver\src\stm32f4xx_hash_sha1.o
HASH_DeInit                                       Libraries\STM32F4xx_StdPeriph_Driver\src\stm32f4xx_hash.o
                                                  Libraries\STM32F4xx_StdPeriph_Driver\src\stm32f4xx_hash_md5.o
                                                  Libraries\STM32F4xx_StdPeriph_Driver\src\stm32f4xx_hash_sha1.o
HASH_GetDigest                                    Libraries\STM32F4xx_StdPeriph_Driver\src\stm32f4xx_hash.o
                                                  Libraries\STM32F4xx_StdPeriph_Driver\src\stm32f4xx_hash_md5.o
                                                  Libraries\STM32F4xx_StdPeriph_Driver\src\stm32f4xx_hash_sha1.o
HASH_GetFlagStatus                                Libraries\STM32F4xx_StdPeriph_Driver\src\stm32f4xx_hash.o
                                                  Libraries\STM32F4xx_StdPeriph_Driver\src\stm32f4xx_hash_md5.o
                                                  Libraries\STM32F4xx_StdPeriph_Driver\src\stm32f4xx_hash_sha1.o
HASH_GetITStatus                                  Libraries\STM32F4xx_StdPeriph_Driver\src\stm32f4xx_hash.o
HASH_GetInFIFOWordsNbr                            Libraries\STM32F4xx_StdPeriph_Driver\src\stm32f4xx_hash.o
HASH_ITConfig                                     Libraries\STM32F4xx_StdPeriph_Driver\src\stm32f4xx_hash.o
HASH_Init                                         Libraries\STM32F4xx_StdPeriph_Driver\src\stm32f4xx_hash.o
                                                  Libraries\STM32F4xx_StdPeriph_Driver\src\stm32f4xx_hash_md5.o
                                                  Libraries\STM32F4xx_StdPeriph_Driver\src\stm32f4xx_hash_sha1.o
HASH_MD5                                          Libraries\STM32F4xx_StdPeriph_Driver\src\stm32f4xx_hash_md5.o
HASH_RNG_IRQHandler                               src\startup_stm32f4xx.o
HASH_Reset                                        Libraries\STM32F4xx_StdPeriph_Driver\src\stm32f4xx_hash.o
HASH_RestoreContext                               Libraries\STM32F4xx_StdPeriph_Driver\src\stm32f4xx_hash.o
HASH_SHA1                                         Libraries\STM32F4xx_StdPeriph_Driver\src\stm32f4xx_hash_sha1.o
HASH_SaveContext                                  Libraries\STM32F4xx_StdPeriph_Driver\src\stm32f4xx_hash.o
HASH_SetLastWordValidBitsNbr                      Libraries\STM32F4xx_StdPeriph_Driver\src\stm32f4xx_hash.o
                                                  Libraries\STM32F4xx_StdPeriph_Driver\src\stm32f4xx_hash_md5.o
                                                  Libraries\STM32F4xx_StdPeriph_Driver\src\stm32f4xx_hash_sha1.o
HASH_StartDigest                                  Libraries\STM32F4xx_StdPeriph_Driver\src\stm32f4xx_hash.o
                                                  Libraries\STM32F4xx_StdPeriph_Driver\src\stm32f4xx_hash_md5.o
                                                  Libraries\STM32F4xx_StdPeriph_Driver\src\stm32f4xx_hash_sha1.o
HASH_StructInit                                   Libraries\STM32F4xx_StdPeriph_Driver\src\stm32f4xx_hash.o
HCD_GetCurrentFrame                               Libraries\STM32_USB_OTG_Driver\src\usb_hcd.o
                                                  Libraries\STM32_USB_HOST_Library\Core\src\usbh_core.o
HCD_GetCurrentSpeed                               Libraries\STM32_USB_OTG_Driver\src\usb_hcd.o
                                                  Libraries\STM32_USB_HOST_Library\Core\src\usbh_core.o
HCD_GetHCState                                    Libraries\STM32_USB_OTG_Driver\src\usb_hcd.o
                                                  src\usbh_adk_core.o
HCD_GetURB_State                                  Libraries\STM32_USB_OTG_Driver\src\usb_hcd.o
                                                  Libraries\STM32_USB_HOST_Library\Core\src\usbh_core.o
                                                  src\usbh_adk_core.o
HCD_GetXferCnt                                    Libraries\STM32_USB_OTG_Driver\src\usb_hcd.o
                                                  src\usbh_adk_core.o
HCD_HC_Init                                       Libraries\STM32_USB_OTG_Driver\src\usb_hcd.o
HCD_Init                                          Libraries\STM32_USB_OTG_Driver\src\usb_hcd.o
                                                  Libraries\STM32_USB_HOST_Library\Core\src\usbh_core.o
HCD_IsDeviceConnected                             Libraries\STM32_USB_OTG_Driver\src\usb_hcd.o
                                                  Libraries\STM32_USB_HOST_Library\Core\src\usbh_core.o
HCD_ResetPort                                     Libraries\STM32_USB_OTG_Driver\src\usb_hcd.o
                                                  Libraries\STM32_USB_HOST_Library\Core\src\usbh_core.o
HCD_SubmitRequest                                 Libraries\STM32_USB_OTG_Driver\src\usb_hcd.o
                                                  Libraries\STM32_USB_HOST_Library\Core\src\usbh_ioreq.o
HMAC_MD5                                          Libraries\STM32F4xx_StdPeriph_Driver\src\stm32f4xx_hash_md5.o
HMAC_SHA1                                         Libraries\STM32F4xx_StdPeriph_Driver\src\stm32f4xx_hash_sha1.o
HSEStartUpStatus                                  src\usb_bsp.o
HardFault_Handler                                 src\stm32f4xx_it.o
I2C1_ER_IRQHandler                                src\startup_stm32f4xx.o
I2C1_EV_IRQHandler                                src\startup_stm32f4xx.o
I2C2_ER_IRQHandler                                src\startup_stm32f4xx.o
I2C2_EV_IRQHandler                                src\startup_stm32f4xx.o
I2C3_ER_IRQHandler                                src\startup_stm32f4xx.o
I2C3_EV_IRQHandler                                src\startup_stm32f4xx.o
I2C_ARPCmd                                        Libraries\STM32F4xx_StdPeriph_Driver\src\stm32f4xx_i2c.o
I2C_AcknowledgeConfig                             Libraries\STM32F4xx_StdPeriph_Driver\src\stm32f4xx_i2c.o
I2C_CalculatePEC                                  Libraries\STM32F4xx_StdPeriph_Driver\src\stm32f4xx_i2c.o
I2C_CheckEvent                                    Libraries\STM32F4xx_StdPeriph_Driver\src\stm32f4xx_i2c.o
I2C_ClearFlag                                     Libraries\STM32F4xx_StdPeriph_Driver\src\stm32f4xx_i2c.o
I2C_ClearITPendingBit                             Libraries\STM32F4xx_StdPeriph_Driver\src\stm32f4xx_i2c.o
I2C_Cmd                                           Libraries\STM32F4xx_StdPeriph_Driver\src\stm32f4xx_i2c.o
I2C_DMACmd                                        Libraries\STM32F4xx_StdPeriph_Driver\src\stm32f4xx_i2c.o
I2C_DMALastTransferCmd                            Libraries\STM32F4xx_StdPeriph_Driver\src\stm32f4xx_i2c.o
I2C_DeInit                                        Libraries\STM32F4xx_StdPeriph_Driver\src\stm32f4xx_i2c.o
I2C_DualAddressCmd                                Libraries\STM32F4xx_StdPeriph_Driver\src\stm32f4xx_i2c.o
I2C_FastModeDutyCycleConfig                       Libraries\STM32F4xx_StdPeriph_Driver\src\stm32f4xx_i2c.o
I2C_GeneralCallCmd                                Libraries\STM32F4xx_StdPeriph_Driver\src\stm32f4xx_i2c.o
I2C_GenerateSTART                                 Libraries\STM32F4xx_StdPeriph_Driver\src\stm32f4xx_i2c.o
I2C_GenerateSTOP                                  Libraries\STM32F4xx_StdPeriph_Driver\src\stm32f4xx_i2c.o
I2C_GetFlagStatus                                 Libraries\STM32F4xx_StdPeriph_Driver\src\stm32f4xx_i2c.o
I2C_GetITStatus                                   Libraries\STM32F4xx_StdPeriph_Driver\src\stm32f4xx_i2c.o
I2C_GetLastEvent                                  Libraries\STM32F4xx_StdPeriph_Driver\src\stm32f4xx_i2c.o
I2C_GetPEC                                        Libraries\STM32F4xx_StdPeriph_Driver\src\stm32f4xx_i2c.o
I2C_ITConfig                                      Libraries\STM32F4xx_StdPeriph_Driver\src\stm32f4xx_i2c.o
I2C_Init                                          Libraries\STM32F4xx_StdPeriph_Driver\src\stm32f4xx_i2c.o
I2C_NACKPositionConfig                            Libraries\STM32F4xx_StdPeriph_Driver\src\stm32f4xx_i2c.o
I2C_OwnAddress2Config                             Libraries\STM32F4xx_StdPeriph_Driver\src\stm32f4xx_i2c.o
I2C_PECPositionConfig                             Libraries\STM32F4xx_StdPeriph_Driver\src\stm32f4xx_i2c.o
I2C_ReadRegister                                  Libraries\STM32F4xx_StdPeriph_Driver\src\stm32f4xx_i2c.o
I2C_ReceiveData                                   Libraries\STM32F4xx_StdPeriph_Driver\src\stm32f4xx_i2c.o
I2C_SMBusAlertConfig                              Libraries\STM32F4xx_StdPeriph_Driver\src\stm32f4xx_i2c.o
I2C_Send7bitAddress                               Libraries\STM32F4xx_StdPeriph_Driver\src\stm32f4xx_i2c.o
I2C_SendData                                      Libraries\STM32F4xx_StdPeriph_Driver\src\stm32f4xx_i2c.o
I2C_SoftwareResetCmd                              Libraries\STM32F4xx_StdPeriph_Driver\src\stm32f4xx_i2c.o
I2C_StretchClockCmd                               Libraries\STM32F4xx_StdPeriph_Driver\src\stm32f4xx_i2c.o
I2C_StructInit                                    Libraries\STM32F4xx_StdPeriph_Driver\src\stm32f4xx_i2c.o
I2C_TransmitPEC                                   Libraries\STM32F4xx_StdPeriph_Driver\src\stm32f4xx_i2c.o
I2S_Cmd                                           Libraries\STM32F4xx_StdPeriph_Driver\src\stm32f4xx_spi.o
I2S_FullDuplexConfig                              Libraries\STM32F4xx_StdPeriph_Driver\src\stm32f4xx_spi.o
I2S_Init                                          Libraries\STM32F4xx_StdPeriph_Driver\src\stm32f4xx_spi.o
I2S_StructInit                                    Libraries\STM32F4xx_StdPeriph_Driver\src\stm32f4xx_spi.o
IWDG_Enable                                       Libraries\STM32F4xx_StdPeriph_Driver\src\stm32f4xx_iwdg.o
IWDG_GetFlagStatus                                Libraries\STM32F4xx_StdPeriph_Driver\src\stm32f4xx_iwdg.o
IWDG_ReloadCounter                                Libraries\STM32F4xx_StdPeriph_Driver\src\stm32f4xx_iwdg.o
IWDG_SetPrescaler                                 Libraries\STM32F4xx_StdPeriph_Driver\src\stm32f4xx_iwdg.o
IWDG_SetReload                                    Libraries\STM32F4xx_StdPeriph_Driver\src\stm32f4xx_iwdg.o
IWDG_WriteAccessCmd                               Libraries\STM32F4xx_StdPeriph_Driver\src\stm32f4xx_iwdg.o
MemManage_Handler                                 src\stm32f4xx_it.o
NMI_Handler                                       src\stm32f4xx_it.o
NVIC_Init                                         Libraries\STM32F4xx_StdPeriph_Driver\src\misc.o
                                                  Utilities\STM32_EVAL\stm32f4_discovery.o
                                                  src\usb_bsp.o
NVIC_InitStructure                                Utilities\STM32_EVAL\stm32f4_discovery.o
NVIC_PriorityGroupConfig                          Libraries\STM32F4xx_StdPeriph_Driver\src\misc.o
                                                  src\usb_bsp.o
NVIC_SetVectorTable                               Libraries\STM32F4xx_StdPeriph_Driver\src\misc.o
                                                  src\usb_bsp.o
NVIC_SystemLPConfig                               Libraries\STM32F4xx_StdPeriph_Driver\src\misc.o
OTG_FS_IRQHandler                                 src\stm32f4xx_it.o
OTG_FS_WKUP_IRQHandler                            src\startup_stm32f4xx.o
OTG_HS_EP1_IN_IRQHandler                          src\startup_stm32f4xx.o
OTG_HS_EP1_OUT_IRQHandler                         src\startup_stm32f4xx.o
OTG_HS_IRQHandler                                 src\startup_stm32f4xx.o
OTG_HS_WKUP_IRQHandler                            src\startup_stm32f4xx.o
PVD_IRQHandler                                    src\startup_stm32f4xx.o
PWR_BackupAccessCmd                               Libraries\STM32F4xx_StdPeriph_Driver\src\stm32f4xx_pwr.o
PWR_BackupRegulatorCmd                            Libraries\STM32F4xx_StdPeriph_Driver\src\stm32f4xx_pwr.o
PWR_ClearFlag                                     Libraries\STM32F4xx_StdPeriph_Driver\src\stm32f4xx_pwr.o
PWR_DeInit                                        Libraries\STM32F4xx_StdPeriph_Driver\src\stm32f4xx_pwr.o
PWR_EnterSTANDBYMode                              Libraries\STM32F4xx_StdPeriph_Driver\src\stm32f4xx_pwr.o
PWR_EnterSTOPMode                                 Libraries\STM32F4xx_StdPeriph_Driver\src\stm32f4xx_pwr.o
PWR_FlashPowerDownCmd                             Libraries\STM32F4xx_StdPeriph_Driver\src\stm32f4xx_pwr.o
PWR_GetFlagStatus                                 Libraries\STM32F4xx_StdPeriph_Driver\src\stm32f4xx_pwr.o
PWR_MainRegulatorModeConfig                       Libraries\STM32F4xx_StdPeriph_Driver\src\stm32f4xx_pwr.o
PWR_PVDCmd                                        Libraries\STM32F4xx_StdPeriph_Driver\src\stm32f4xx_pwr.o
PWR_PVDLevelConfig                                Libraries\STM32F4xx_StdPeriph_Driver\src\stm32f4xx_pwr.o
PWR_WakeUpPinCmd                                  Libraries\STM32F4xx_StdPeriph_Driver\src\stm32f4xx_pwr.o
PendSV_Handler                                    src\stm32f4xx_it.o
PrescalerValue                                    src\main.o
RCC_AHB1PeriphClockCmd                            Libraries\STM32F4xx_StdPeriph_Driver\src\stm32f4xx_rcc.o
                                                  Utilities\STM32_EVAL\stm32f4_discovery.o
                                                  src\main.o
                                                  src\uart_debug.o